PREHOOK: query: create table alter1(a int, b int)
PREHOOK: type: CREATETABLE
POSTHOOK: query: create table alter1(a int, b int)
POSTHOOK: type: CREATETABLE
POSTHOOK: Output: default@alter1
PREHOOK: query: describe extended alter1
PREHOOK: type: DESCTABLE
POSTHOOK: query: describe extended alter1
POSTHOOK: type: DESCTABLE
a	int	
b	int	
	 	 
Detailed Table Information	Table(tableName:alter1, dbName:default, owner:thiruvel, createTime:1286798957, lastAccessTime:0, retention:0, sd:StorageDescriptor(cols:[FieldSchema(name:a, type:int, comment:null), FieldSchema(name:b, type:int, comment:null)], location:pfile:/home/thiruvel/projects/hive/hive.unsecure/build/ql/test/data/warehouse/alter1, inputFormat:org.apache.hadoop.mapred.TextInputFormat, outputFormat:org.apache.hadoop.hive.ql.io.HiveIgnoreKeyTextOutputFormat, compressed:false, numBuckets:-1, serdeInfo:SerDeInfo(name:null, serializationLib:org.apache.hadoop.hive.serde2.lazy.LazySimpleSerDe, parameters:{serialization.format=1}), bucketCols:[], sortCols:[], parameters:{}), partitionKeys:[], parameters:{transient_lastDdlTime=1286798957}, viewOriginalText:null, viewExpandedText:null, tableType:MANAGED_TABLE)	
PREHOOK: query: alter table alter1 set tblproperties ('a'='1', 'c'='3')
PREHOOK: type: ALTERTABLE_PROPERTIES
PREHOOK: Input: default@alter1
PREHOOK: Output: default@alter1
POSTHOOK: query: alter table alter1 set tblproperties ('a'='1', 'c'='3')
POSTHOOK: type: ALTERTABLE_PROPERTIES
POSTHOOK: Input: default@alter1
POSTHOOK: Output: default@alter1
PREHOOK: query: describe extended alter1
PREHOOK: type: DESCTABLE
POSTHOOK: query: describe extended alter1
POSTHOOK: type: DESCTABLE
a	int	
b	int	
	 	 
Detailed Table Information	Table(tableName:alter1, dbName:default, owner:thiruvel, createTime:1286798957, lastAccessTime:0, retention:0, sd:StorageDescriptor(cols:[FieldSchema(name:a, type:int, comment:null), FieldSchema(name:b, type:int, comment:null)], location:pfile:/home/thiruvel/projects/hive/hive.unsecure/build/ql/test/data/warehouse/alter1, inputFormat:org.apache.hadoop.mapred.TextInputFormat, outputFormat:org.apache.hadoop.hive.ql.io.HiveIgnoreKeyTextOutputFormat, compressed:false, numBuckets:-1, serdeInfo:SerDeInfo(name:null, serializationLib:org.apache.hadoop.hive.serde2.lazy.LazySimpleSerDe, parameters:{serialization.format=1}), bucketCols:[], sortCols:[], parameters:{}), partitionKeys:[], parameters:{last_modified_by=thiruvel, c=3, last_modified_time=1286798958, a=1, transient_lastDdlTime=1286798958}, viewOriginalText:null, viewExpandedText:null, tableType:MANAGED_TABLE)	
PREHOOK: query: alter table alter1 set tblproperties ('a'='1', 'c'='4', 'd'='3')
PREHOOK: type: ALTERTABLE_PROPERTIES
PREHOOK: Input: default@alter1
PREHOOK: Output: default@alter1
POSTHOOK: query: alter table alter1 set tblproperties ('a'='1', 'c'='4', 'd'='3')
POSTHOOK: type: ALTERTABLE_PROPERTIES
POSTHOOK: Input: default@alter1
POSTHOOK: Output: default@alter1
PREHOOK: query: describe extended alter1
PREHOOK: type: DESCTABLE
POSTHOOK: query: describe extended alter1
POSTHOOK: type: DESCTABLE
a	int	
b	int	
	 	 
Detailed Table Information	Table(tableName:alter1, dbName:default, owner:thiruvel, createTime:1286798957, lastAccessTime:0, retention:0, sd:StorageDescriptor(cols:[FieldSchema(name:a, type:int, comment:null), FieldSchema(name:b, type:int, comment:null)], location:pfile:/home/thiruvel/projects/hive/hive.unsecure/build/ql/test/data/warehouse/alter1, inputFormat:org.apache.hadoop.mapred.TextInputFormat, outputFormat:org.apache.hadoop.hive.ql.io.HiveIgnoreKeyTextOutputFormat, compressed:false, numBuckets:-1, serdeInfo:SerDeInfo(name:null, serializationLib:org.apache.hadoop.hive.serde2.lazy.LazySimpleSerDe, parameters:{serialization.format=1}), bucketCols:[], sortCols:[], parameters:{}), partitionKeys:[], parameters:{d=3, last_modified_by=thiruvel, c=4, last_modified_time=1286798958, a=1, transient_lastDdlTime=1286798958}, viewOriginalText:null, viewExpandedText:null, tableType:MANAGED_TABLE)	
PREHOOK: query: alter table alter1 set tblproperties ('EXTERNAL'='TRUE')
PREHOOK: type: ALTERTABLE_PROPERTIES
PREHOOK: Input: default@alter1
PREHOOK: Output: default@alter1
POSTHOOK: query: alter table alter1 set tblproperties ('EXTERNAL'='TRUE')
POSTHOOK: type: ALTERTABLE_PROPERTIES
POSTHOOK: Input: default@alter1
POSTHOOK: Output: default@alter1
PREHOOK: query: describe extended alter1
PREHOOK: type: DESCTABLE
POSTHOOK: query: describe extended alter1
POSTHOOK: type: DESCTABLE
a	int	
b	int	
	 	 
Detailed Table Information	Table(tableName:alter1, dbName:default, owner:thiruvel, createTime:1286798957, lastAccessTime:0, retention:0, sd:StorageDescriptor(cols:[FieldSchema(name:a, type:int, comment:null), FieldSchema(name:b, type:int, comment:null)], location:pfile:/home/thiruvel/projects/hive/hive.unsecure/build/ql/test/data/warehouse/alter1, inputFormat:org.apache.hadoop.mapred.TextInputFormat, outputFormat:org.apache.hadoop.hive.ql.io.HiveIgnoreKeyTextOutputFormat, compressed:false, numBuckets:-1, serdeInfo:SerDeInfo(name:null, serializationLib:org.apache.hadoop.hive.serde2.lazy.LazySimpleSerDe, parameters:{serialization.format=1}), bucketCols:[], sortCols:[], parameters:{}), partitionKeys:[], parameters:{EXTERNAL=TRUE, d=3, last_modified_by=thiruvel, c=4, last_modified_time=1286798958, a=1, transient_lastDdlTime=1286798958}, viewOriginalText:null, viewExpandedText:null, tableType:EXTERNAL_TABLE)	
PREHOOK: query: alter table alter1 set tblproperties ('EXTERNAL'='FALSE')
PREHOOK: type: ALTERTABLE_PROPERTIES
PREHOOK: Input: default@alter1
PREHOOK: Output: default@alter1
POSTHOOK: query: alter table alter1 set tblproperties ('EXTERNAL'='FALSE')
POSTHOOK: type: ALTERTABLE_PROPERTIES
POSTHOOK: Input: default@alter1
POSTHOOK: Output: default@alter1
PREHOOK: query: describe extended alter1
PREHOOK: type: DESCTABLE
POSTHOOK: query: describe extended alter1
POSTHOOK: type: DESCTABLE
a	int	
b	int	
	 	 
Detailed Table Information	Table(tableName:alter1, dbName:default, owner:thiruvel, createTime:1286798957, lastAccessTime:0, retention:0, sd:StorageDescriptor(cols:[FieldSchema(name:a, type:int, comment:null), FieldSchema(name:b, type:int, comment:null)], location:pfile:/home/thiruvel/projects/hive/hive.unsecure/build/ql/test/data/warehouse/alter1, inputFormat:org.apache.hadoop.mapred.TextInputFormat, outputFormat:org.apache.hadoop.hive.ql.io.HiveIgnoreKeyTextOutputFormat, compressed:false, numBuckets:-1, serdeInfo:SerDeInfo(name:null, serializationLib:org.apache.hadoop.hive.serde2.lazy.LazySimpleSerDe, parameters:{serialization.format=1}), bucketCols:[], sortCols:[], parameters:{}), partitionKeys:[], parameters:{EXTERNAL=FALSE, d=3, last_modified_by=thiruvel, c=4, last_modified_time=1286798958, a=1, transient_lastDdlTime=1286798958}, viewOriginalText:null, viewExpandedText:null, tableType:MANAGED_TABLE)	
PREHOOK: query: alter table alter1 set serdeproperties('s1'='9')
PREHOOK: type: ALTERTABLE_SERDEPROPERTIES
PREHOOK: Input: default@alter1
PREHOOK: Output: default@alter1
POSTHOOK: query: alter table alter1 set serdeproperties('s1'='9')
POSTHOOK: type: ALTERTABLE_SERDEPROPERTIES
POSTHOOK: Input: default@alter1
POSTHOOK: Output: default@alter1
PREHOOK: query: describe extended alter1
PREHOOK: type: DESCTABLE
POSTHOOK: query: describe extended alter1
POSTHOOK: type: DESCTABLE
a	int	
b	int	
	 	 
Detailed Table Information	Table(tableName:alter1, dbName:default, owner:thiruvel, createTime:1286798957, lastAccessTime:0, retention:0, sd:StorageDescriptor(cols:[FieldSchema(name:a, type:int, comment:null), FieldSchema(name:b, type:int, comment:null)], location:pfile:/home/thiruvel/projects/hive/hive.unsecure/build/ql/test/data/warehouse/alter1, inputFormat:org.apache.hadoop.mapred.TextInputFormat, outputFormat:org.apache.hadoop.hive.ql.io.HiveIgnoreKeyTextOutputFormat, compressed:false, numBuckets:-1, serdeInfo:SerDeInfo(name:null, serializationLib:org.apache.hadoop.hive.serde2.lazy.LazySimpleSerDe, parameters:{s1=9, serialization.format=1}), bucketCols:[], sortCols:[], parameters:{}), partitionKeys:[], parameters:{EXTERNAL=FALSE, d=3, last_modified_by=thiruvel, c=4, last_modified_time=1286798958, a=1, transient_lastDdlTime=1286798958}, viewOriginalText:null, viewExpandedText:null, tableType:MANAGED_TABLE)	
PREHOOK: query: alter table alter1 set serdeproperties('s1'='10', 's2' ='20')
PREHOOK: type: ALTERTABLE_SERDEPROPERTIES
PREHOOK: Input: default@alter1
PREHOOK: Output: default@alter1
POSTHOOK: query: alter table alter1 set serdeproperties('s1'='10', 's2' ='20')
POSTHOOK: type: ALTERTABLE_SERDEPROPERTIES
POSTHOOK: Input: default@alter1
POSTHOOK: Output: default@alter1
PREHOOK: query: describe extended alter1
PREHOOK: type: DESCTABLE
POSTHOOK: query: describe extended alter1
POSTHOOK: type: DESCTABLE
a	int	
b	int	
	 	 
Detailed Table Information	Table(tableName:alter1, dbName:default, owner:thiruvel, createTime:1286798957, lastAccessTime:0, retention:0, sd:StorageDescriptor(cols:[FieldSchema(name:a, type:int, comment:null), FieldSchema(name:b, type:int, comment:null)], location:pfile:/home/thiruvel/projects/hive/hive.unsecure/build/ql/test/data/warehouse/alter1, inputFormat:org.apache.hadoop.mapred.TextInputFormat, outputFormat:org.apache.hadoop.hive.ql.io.HiveIgnoreKeyTextOutputFormat, compressed:false, numBuckets:-1, serdeInfo:SerDeInfo(name:null, serializationLib:org.apache.hadoop.hive.serde2.lazy.LazySimpleSerDe, parameters:{s2=20, s1=10, serialization.format=1}), bucketCols:[], sortCols:[], parameters:{}), partitionKeys:[], parameters:{EXTERNAL=FALSE, d=3, last_modified_by=thiruvel, c=4, last_modified_time=1286798958, a=1, transient_lastDdlTime=1286798958}, viewOriginalText:null, viewExpandedText:null, tableType:MANAGED_TABLE)	
PREHOOK: query: alter table alter1 set serde 'org.apache.hadoop.hive.serde2.TestSerDe' with serdeproperties('s1'='9')
PREHOOK: type: ALTERTABLE_SERIALIZER
PREHOOK: Input: default@alter1
PREHOOK: Output: default@alter1
POSTHOOK: query: alter table alter1 set serde 'org.apache.hadoop.hive.serde2.TestSerDe' with serdeproperties('s1'='9')
POSTHOOK: type: ALTERTABLE_SERIALIZER
POSTHOOK: Input: default@alter1
POSTHOOK: Output: default@alter1
PREHOOK: query: describe extended alter1
PREHOOK: type: DESCTABLE
POSTHOOK: query: describe extended alter1
POSTHOOK: type: DESCTABLE
a	string	from deserializer
b	string	from deserializer
	 	 
Detailed Table Information	Table(tableName:alter1, dbName:default, owner:thiruvel, createTime:1286798957, lastAccessTime:0, retention:0, sd:StorageDescriptor(cols:[FieldSchema(name:a, type:int, comment:from deserializer), FieldSchema(name:b, type:int, comment:from deserializer)], location:pfile:/home/thiruvel/projects/hive/hive.unsecure/build/ql/test/data/warehouse/alter1, inputFormat:org.apache.hadoop.mapred.TextInputFormat, outputFormat:org.apache.hadoop.hive.ql.io.HiveIgnoreKeyTextOutputFormat, compressed:false, numBuckets:-1, serdeInfo:SerDeInfo(name:null, serializationLib:org.apache.hadoop.hive.serde2.TestSerDe, parameters:{s2=20, s1=9, serialization.format=1}), bucketCols:[], sortCols:[], parameters:{}), partitionKeys:[], parameters:{EXTERNAL=FALSE, d=3, last_modified_by=thiruvel, c=4, last_modified_time=1286798958, a=1, transient_lastDdlTime=1286798958}, viewOriginalText:null, viewExpandedText:null, tableType:MANAGED_TABLE)	
PREHOOK: query: alter table alter1 set serde 'org.apache.hadoop.hive.serde2.MetadataTypedColumnsetSerDe'
PREHOOK: type: ALTERTABLE_SERIALIZER
PREHOOK: Input: default@alter1
PREHOOK: Output: default@alter1
POSTHOOK: query: alter table alter1 set serde 'org.apache.hadoop.hive.serde2.MetadataTypedColumnsetSerDe'
POSTHOOK: type: ALTERTABLE_SERIALIZER
POSTHOOK: Input: default@alter1
POSTHOOK: Output: default@alter1
PREHOOK: query: describe extended alter1
PREHOOK: type: DESCTABLE
POSTHOOK: query: describe extended alter1
POSTHOOK: type: DESCTABLE
a	string	from deserializer
b	string	from deserializer
	 	 
Detailed Table Information	Table(tableName:alter1, dbName:default, owner:thiruvel, createTime:1286798957, lastAccessTime:0, retention:0, sd:StorageDescriptor(cols:[FieldSchema(name:a, type:string, comment:from deserializer), FieldSchema(name:b, type:string, comment:from deserializer)], location:pfile:/home/thiruvel/projects/hive/hive.unsecure/build/ql/test/data/warehouse/alter1, inputFormat:org.apache.hadoop.mapred.TextInputFormat, outputFormat:org.apache.hadoop.hive.ql.io.HiveIgnoreKeyTextOutputFormat, compressed:false, numBuckets:-1, serdeInfo:SerDeInfo(name:null, serializationLib:org.apache.hadoop.hive.serde2.lazy.LazySimpleSerDe, parameters:{s2=20, s1=9, serialization.format=1}), bucketCols:[], sortCols:[], parameters:{}), partitionKeys:[], parameters:{EXTERNAL=FALSE, d=3, last_modified_by=thiruvel, c=4, last_modified_time=1286798958, a=1, transient_lastDdlTime=1286798958}, viewOriginalText:null, viewExpandedText:null, tableType:MANAGED_TABLE)	
PREHOOK: query: alter table alter1 replace columns (a int, b int, c string)
PREHOOK: type: ALTERTABLE_REPLACECOLS
PREHOOK: Input: default@alter1
PREHOOK: Output: default@alter1
POSTHOOK: query: alter table alter1 replace columns (a int, b int, c string)
POSTHOOK: type: ALTERTABLE_REPLACECOLS
POSTHOOK: Input: default@alter1
POSTHOOK: Output: default@alter1
PREHOOK: query: describe alter1
PREHOOK: type: DESCTABLE
POSTHOOK: query: describe alter1
POSTHOOK: type: DESCTABLE
a	int	
b	int	
c	string	
PREHOOK: query: -- Cleanup
DROP TABLE alter1
PREHOOK: type: DROPTABLE
PREHOOK: Input: default@alter1
PREHOOK: Output: default@alter1
POSTHOOK: query: -- Cleanup
DROP TABLE alter1
POSTHOOK: type: DROPTABLE
POSTHOOK: Input: default@alter1
POSTHOOK: Output: default@alter1
PREHOOK: query: SHOW TABLES
PREHOOK: type: SHOWTABLES
POSTHOOK: query: SHOW TABLES
POSTHOOK: type: SHOWTABLES
src
src1
src_json
src_sequencefile
src_thrift
srcbucket
srcbucket2
srcpart
PREHOOK: query: -- With non-default Database

CREATE DATABASE alter1_db
PREHOOK: type: CREATEDATABASE
POSTHOOK: query: -- With non-default Database

CREATE DATABASE alter1_db
POSTHOOK: type: CREATEDATABASE
PREHOOK: query: USE alter1_db
PREHOOK: type: SWITCHDATABASE
POSTHOOK: query: USE alter1_db
POSTHOOK: type: SWITCHDATABASE
PREHOOK: query: SHOW TABLES
PREHOOK: type: SHOWTABLES
POSTHOOK: query: SHOW TABLES
POSTHOOK: type: SHOWTABLES
PREHOOK: query: CREATE TABLE alter1(a INT, b INT)
PREHOOK: type: CREATETABLE
POSTHOOK: query: CREATE TABLE alter1(a INT, b INT)
POSTHOOK: type: CREATETABLE
POSTHOOK: Output: alter1_db@alter1
PREHOOK: query: DESCRIBE EXTENDED alter1
PREHOOK: type: DESCTABLE
POSTHOOK: query: DESCRIBE EXTENDED alter1
POSTHOOK: type: DESCTABLE
a	int	
b	int	
	 	 
Detailed Table Information	Table(tableName:alter1, dbName:alter1_db, owner:thiruvel, createTime:1286798959, lastAccessTime:0, retention:0, sd:StorageDescriptor(cols:[FieldSchema(name:a, type:int, comment:null), FieldSchema(name:b, type:int, comment:null)], location:pfile:/home/thiruvel/projects/hive/hive.unsecure/build/ql/test/data/warehouse/alter1_db.db/alter1, inputFormat:org.apache.hadoop.mapred.TextInputFormat, outputFormat:org.apache.hadoop.hive.ql.io.HiveIgnoreKeyTextOutputFormat, compressed:false, numBuckets:-1, serdeInfo:SerDeInfo(name:null, serializationLib:org.apache.hadoop.hive.serde2.lazy.LazySimpleSerDe, parameters:{serialization.format=1}), bucketCols:[], sortCols:[], parameters:{}), partitionKeys:[], parameters:{transient_lastDdlTime=1286798959}, viewOriginalText:null, viewExpandedText:null, tableType:MANAGED_TABLE)	
PREHOOK: query: ALTER TABLE alter1 SET TBLPROPERTIES ('a'='1', 'c'='3')
PREHOOK: type: ALTERTABLE_PROPERTIES
PREHOOK: Input: alter1_db@alter1
PREHOOK: Output: alter1_db@alter1
POSTHOOK: query: ALTER TABLE alter1 SET TBLPROPERTIES ('a'='1', 'c'='3')
POSTHOOK: type: ALTERTABLE_PROPERTIES
POSTHOOK: Input: alter1_db@alter1
POSTHOOK: Output: alter1_db@alter1
PREHOOK: query: DESCRIBE EXTENDED alter1
PREHOOK: type: DESCTABLE
POSTHOOK: query: DESCRIBE EXTENDED alter1
POSTHOOK: type: DESCTABLE
a	int	
b	int	
	 	 
Detailed Table Information	Table(tableName:alter1, dbName:alter1_db, owner:thiruvel, createTime:1286798959, lastAccessTime:0, retention:0, sd:StorageDescriptor(cols:[FieldSchema(name:a, type:int, comment:null), FieldSchema(name:b, type:int, comment:null)], location:pfile:/home/thiruvel/projects/hive/hive.unsecure/build/ql/test/data/warehouse/alter1_db.db/alter1, inputFormat:org.apache.hadoop.mapred.TextInputFormat, outputFormat:org.apache.hadoop.hive.ql.io.HiveIgnoreKeyTextOutputFormat, compressed:false, numBuckets:-1, serdeInfo:SerDeInfo(name:null, serializationLib:org.apache.hadoop.hive.serde2.lazy.LazySimpleSerDe, parameters:{serialization.format=1}), bucketCols:[], sortCols:[], parameters:{}), partitionKeys:[], parameters:{last_modified_by=thiruvel, c=3, last_modified_time=1286798959, a=1, transient_lastDdlTime=1286798959}, viewOriginalText:null, viewExpandedText:null, tableType:MANAGED_TABLE)	
PREHOOK: query: ALTER TABLE alter1 SET TBLPROPERTIES ('a'='1', 'c'='4', 'd'='3')
PREHOOK: type: ALTERTABLE_PROPERTIES
PREHOOK: Input: alter1_db@alter1
PREHOOK: Output: alter1_db@alter1
POSTHOOK: query: ALTER TABLE alter1 SET TBLPROPERTIES ('a'='1', 'c'='4', 'd'='3')
POSTHOOK: type: ALTERTABLE_PROPERTIES
POSTHOOK: Input: alter1_db@alter1
POSTHOOK: Output: alter1_db@alter1
PREHOOK: query: DESCRIBE EXTENDED alter1
PREHOOK: type: DESCTABLE
POSTHOOK: query: DESCRIBE EXTENDED alter1
POSTHOOK: type: DESCTABLE
a	int	
b	int	
	 	 
Detailed Table Information	Table(tableName:alter1, dbName:alter1_db, owner:thiruvel, createTime:1286798959, lastAccessTime:0, retention:0, sd:StorageDescriptor(cols:[FieldSchema(name:a, type:int, comment:null), FieldSchema(name:b, type:int, comment:null)], location:pfile:/home/thiruvel/projects/hive/hive.unsecure/build/ql/test/data/warehouse/alter1_db.db/alter1, inputFormat:org.apache.hadoop.mapred.TextInputFormat, outputFormat:org.apache.hadoop.hive.ql.io.HiveIgnoreKeyTextOutputFormat, compressed:false, numBuckets:-1, serdeInfo:SerDeInfo(name:null, serializationLib:org.apache.hadoop.hive.serde2.lazy.LazySimpleSerDe, parameters:{serialization.format=1}), bucketCols:[], sortCols:[], parameters:{}), partitionKeys:[], parameters:{d=3, last_modified_by=thiruvel, c=4, last_modified_time=1286798959, a=1, transient_lastDdlTime=1286798959}, viewOriginalText:null, viewExpandedText:null, tableType:MANAGED_TABLE)	
PREHOOK: query: ALTER TABLE alter1 SET TBLPROPERTIES ('EXTERNAL'='TRUE')
PREHOOK: type: ALTERTABLE_PROPERTIES
PREHOOK: Input: alter1_db@alter1
PREHOOK: Output: alter1_db@alter1
POSTHOOK: query: ALTER TABLE alter1 SET TBLPROPERTIES ('EXTERNAL'='TRUE')
POSTHOOK: type: ALTERTABLE_PROPERTIES
POSTHOOK: Input: alter1_db@alter1
POSTHOOK: Output: alter1_db@alter1
PREHOOK: query: DESCRIBE EXTENDED alter1
PREHOOK: type: DESCTABLE
POSTHOOK: query: DESCRIBE EXTENDED alter1
POSTHOOK: type: DESCTABLE
a	int	
b	int	
	 	 
Detailed Table Information	Table(tableName:alter1, dbName:alter1_db, owner:thiruvel, createTime:1286798959, lastAccessTime:0, retention:0, sd:StorageDescriptor(cols:[FieldSchema(name:a, type:int, comment:null), FieldSchema(name:b, type:int, comment:null)], location:pfile:/home/thiruvel/projects/hive/hive.unsecure/build/ql/test/data/warehouse/alter1_db.db/alter1, inputFormat:org.apache.hadoop.mapred.TextInputFormat, outputFormat:org.apache.hadoop.hive.ql.io.HiveIgnoreKeyTextOutputFormat, compressed:false, numBuckets:-1, serdeInfo:SerDeInfo(name:null, serializationLib:org.apache.hadoop.hive.serde2.lazy.LazySimpleSerDe, parameters:{serialization.format=1}), bucketCols:[], sortCols:[], parameters:{}), partitionKeys:[], parameters:{EXTERNAL=TRUE, d=3, last_modified_by=thiruvel, c=4, last_modified_time=1286798960, a=1, transient_lastDdlTime=1286798960}, viewOriginalText:null, viewExpandedText:null, tableType:EXTERNAL_TABLE)	
PREHOOK: query: ALTER TABLE alter1 SET TBLPROPERTIES ('EXTERNAL'='FALSE')
PREHOOK: type: ALTERTABLE_PROPERTIES
PREHOOK: Input: alter1_db@alter1
PREHOOK: Output: alter1_db@alter1
POSTHOOK: query: ALTER TABLE alter1 SET TBLPROPERTIES ('EXTERNAL'='FALSE')
POSTHOOK: type: ALTERTABLE_PROPERTIES
POSTHOOK: Input: alter1_db@alter1
POSTHOOK: Output: alter1_db@alter1
PREHOOK: query: DESCRIBE EXTENDED alter1
PREHOOK: type: DESCTABLE
POSTHOOK: query: DESCRIBE EXTENDED alter1
POSTHOOK: type: DESCTABLE
a	int	
b	int	
	 	 
Detailed Table Information	Table(tableName:alter1, dbName:alter1_db, owner:thiruvel, createTime:1286798959, lastAccessTime:0, retention:0, sd:StorageDescriptor(cols:[FieldSchema(name:a, type:int, comment:null), FieldSchema(name:b, type:int, comment:null)], location:pfile:/home/thiruvel/projects/hive/hive.unsecure/build/ql/test/data/warehouse/alter1_db.db/alter1, inputFormat:org.apache.hadoop.mapred.TextInputFormat, outputFormat:org.apache.hadoop.hive.ql.io.HiveIgnoreKeyTextOutputFormat, compressed:false, numBuckets:-1, serdeInfo:SerDeInfo(name:null, serializationLib:org.apache.hadoop.hive.serde2.lazy.LazySimpleSerDe, parameters:{serialization.format=1}), bucketCols:[], sortCols:[], parameters:{}), partitionKeys:[], parameters:{EXTERNAL=FALSE, d=3, last_modified_by=thiruvel, c=4, last_modified_time=1286798960, a=1, transient_lastDdlTime=1286798960}, viewOriginalText:null, viewExpandedText:null, tableType:MANAGED_TABLE)	
PREHOOK: query: ALTER TABLE alter1 SET SERDEPROPERTIES('s1'='9')
PREHOOK: type: ALTERTABLE_SERDEPROPERTIES
PREHOOK: Input: alter1_db@alter1
PREHOOK: Output: alter1_db@alter1
POSTHOOK: query: ALTER TABLE alter1 SET SERDEPROPERTIES('s1'='9')
POSTHOOK: type: ALTERTABLE_SERDEPROPERTIES
POSTHOOK: Input: alter1_db@alter1
POSTHOOK: Output: alter1_db@alter1
PREHOOK: query: DESCRIBE EXTENDED alter1
PREHOOK: type: DESCTABLE
POSTHOOK: query: DESCRIBE EXTENDED alter1
POSTHOOK: type: DESCTABLE
a	int	
b	int	
	 	 
Detailed Table Information	Table(tableName:alter1, dbName:alter1_db, owner:thiruvel, createTime:1286798959, lastAccessTime:0, retention:0, sd:StorageDescriptor(cols:[FieldSchema(name:a, type:int, comment:null), FieldSchema(name:b, type:int, comment:null)], location:pfile:/home/thiruvel/projects/hive/hive.unsecure/build/ql/test/data/warehouse/alter1_db.db/alter1, inputFormat:org.apache.hadoop.mapred.TextInputFormat, outputFormat:org.apache.hadoop.hive.ql.io.HiveIgnoreKeyTextOutputFormat, compressed:false, numBuckets:-1, serdeInfo:SerDeInfo(name:null, serializationLib:org.apache.hadoop.hive.serde2.lazy.LazySimpleSerDe, parameters:{s1=9, serialization.format=1}), bucketCols:[], sortCols:[], parameters:{}), partitionKeys:[], parameters:{EXTERNAL=FALSE, d=3, last_modified_by=thiruvel, c=4, last_modified_time=1286798960, a=1, transient_lastDdlTime=1286798960}, viewOriginalText:null, viewExpandedText:null, tableType:MANAGED_TABLE)	
PREHOOK: query: ALTER TABLE alter1 SET SERDEPROPERTIES('s1'='10', 's2' ='20')
PREHOOK: type: ALTERTABLE_SERDEPROPERTIES
PREHOOK: Input: alter1_db@alter1
PREHOOK: Output: alter1_db@alter1
POSTHOOK: query: ALTER TABLE alter1 SET SERDEPROPERTIES('s1'='10', 's2' ='20')
POSTHOOK: type: ALTERTABLE_SERDEPROPERTIES
POSTHOOK: Input: alter1_db@alter1
POSTHOOK: Output: alter1_db@alter1
PREHOOK: query: DESCRIBE EXTENDED alter1
PREHOOK: type: DESCTABLE
POSTHOOK: query: DESCRIBE EXTENDED alter1
POSTHOOK: type: DESCTABLE
a	int	
b	int	
	 	 
Detailed Table Information	Table(tableName:alter1, dbName:alter1_db, owner:thiruvel, createTime:1286798959, lastAccessTime:0, retention:0, sd:StorageDescriptor(cols:[FieldSchema(name:a, type:int, comment:null), FieldSchema(name:b, type:int, comment:null)], location:pfile:/home/thiruvel/projects/hive/hive.unsecure/build/ql/test/data/warehouse/alter1_db.db/alter1, inputFormat:org.apache.hadoop.mapred.TextInputFormat, outputFormat:org.apache.hadoop.hive.ql.io.HiveIgnoreKeyTextOutputFormat, compressed:false, numBuckets:-1, serdeInfo:SerDeInfo(name:null, serializationLib:org.apache.hadoop.hive.serde2.lazy.LazySimpleSerDe, parameters:{s2=20, s1=10, serialization.format=1}), bucketCols:[], sortCols:[], parameters:{}), partitionKeys:[], parameters:{EXTERNAL=FALSE, d=3, last_modified_by=thiruvel, c=4, last_modified_time=1286798960, a=1, transient_lastDdlTime=1286798960}, viewOriginalText:null, viewExpandedText:null, tableType:MANAGED_TABLE)	
PREHOOK: query: ALTER TABLE alter1 SET SERDE 'org.apache.hadoop.hive.serde2.TestSerDe' WITH SERDEPROPERTIES ('s1'='9')
PREHOOK: type: ALTERTABLE_SERIALIZER
PREHOOK: Input: alter1_db@alter1
PREHOOK: Output: alter1_db@alter1
POSTHOOK: query: ALTER TABLE alter1 SET SERDE 'org.apache.hadoop.hive.serde2.TestSerDe' WITH SERDEPROPERTIES ('s1'='9')
POSTHOOK: type: ALTERTABLE_SERIALIZER
POSTHOOK: Input: alter1_db@alter1
POSTHOOK: Output: alter1_db@alter1
PREHOOK: query: DESCRIBE EXTENDED alter1
PREHOOK: type: DESCTABLE
POSTHOOK: query: DESCRIBE EXTENDED alter1
POSTHOOK: type: DESCTABLE
a	string	from deserializer
b	string	from deserializer
	 	 
Detailed Table Information	Table(tableName:alter1, dbName:alter1_db, owner:thiruvel, createTime:1286798959, lastAccessTime:0, retention:0, sd:StorageDescriptor(cols:[FieldSchema(name:a, type:int, comment:from deserializer), FieldSchema(name:b, type:int, comment:from deserializer)], location:pfile:/home/thiruvel/projects/hive/hive.unsecure/build/ql/test/data/warehouse/alter1_db.db/alter1, inputFormat:org.apache.hadoop.mapred.TextInputFormat, outputFormat:org.apache.hadoop.hive.ql.io.HiveIgnoreKeyTextOutputFormat, compressed:false, numBuckets:-1, serdeInfo:SerDeInfo(name:null, serializationLib:org.apache.hadoop.hive.serde2.TestSerDe, parameters:{s2=20, s1=9, serialization.format=1}), bucketCols:[], sortCols:[], parameters:{}), partitionKeys:[], parameters:{EXTERNAL=FALSE, d=3, last_modified_by=thiruvel, c=4, last_modified_time=1286798960, a=1, transient_lastDdlTime=1286798960}, viewOriginalText:null, viewExpandedText:null, tableType:MANAGED_TABLE)	
PREHOOK: query: ALTER TABLE alter1 SET SERDE 'org.apache.hadoop.hive.serde2.MetadataTypedColumnsetSerDe'
PREHOOK: type: ALTERTABLE_SERIALIZER
PREHOOK: Input: alter1_db@alter1
PREHOOK: Output: alter1_db@alter1
POSTHOOK: query: ALTER TABLE alter1 SET SERDE 'org.apache.hadoop.hive.serde2.MetadataTypedColumnsetSerDe'
POSTHOOK: type: ALTERTABLE_SERIALIZER
POSTHOOK: Input: alter1_db@alter1
POSTHOOK: Output: alter1_db@alter1
PREHOOK: query: DESCRIBE EXTENDED alter1
PREHOOK: type: DESCTABLE
POSTHOOK: query: DESCRIBE EXTENDED alter1
POSTHOOK: type: DESCTABLE
a	string	from deserializer
b	string	from deserializer
	 	 
Detailed Table Information	Table(tableName:alter1, dbName:alter1_db, owner:thiruvel, createTime:1286798959, lastAccessTime:0, retention:0, sd:StorageDescriptor(cols:[FieldSchema(name:a, type:string, comment:from deserializer), FieldSchema(name:b, type:string, comment:from deserializer)], location:pfile:/home/thiruvel/projects/hive/hive.unsecure/build/ql/test/data/warehouse/alter1_db.db/alter1, inputFormat:org.apache.hadoop.mapred.TextInputFormat, outputFormat:org.apache.hadoop.hive.ql.io.HiveIgnoreKeyTextOutputFormat, compressed:false, numBuckets:-1, serdeInfo:SerDeInfo(name:null, serializationLib:org.apache.hadoop.hive.serde2.lazy.LazySimpleSerDe, parameters:{s2=20, s1=9, serialization.format=1}), bucketCols:[], sortCols:[], parameters:{}), partitionKeys:[], parameters:{EXTERNAL=FALSE, d=3, last_modified_by=thiruvel, c=4, last_modified_time=1286798960, a=1, transient_lastDdlTime=1286798960}, viewOriginalText:null, viewExpandedText:null, tableType:MANAGED_TABLE)	
PREHOOK: query: ALTER TABLE alter1 REPLACE COLUMNS (a int, b int, c string)
PREHOOK: type: ALTERTABLE_REPLACECOLS
PREHOOK: Input: alter1_db@alter1
PREHOOK: Output: alter1_db@alter1
POSTHOOK: query: ALTER TABLE alter1 REPLACE COLUMNS (a int, b int, c string)
POSTHOOK: type: ALTERTABLE_REPLACECOLS
POSTHOOK: Input: alter1_db@alter1
POSTHOOK: Output: alter1_db@alter1
PREHOOK: query: DESCRIBE alter1
PREHOOK: type: DESCTABLE
POSTHOOK: query: DESCRIBE alter1
POSTHOOK: type: DESCTABLE
a	int	
b	int	
c	string	
PREHOOK: query: DROP TABLE alter1
PREHOOK: type: DROPTABLE
PREHOOK: Input: alter1_db@alter1
PREHOOK: Output: alter1_db@alter1
POSTHOOK: query: DROP TABLE alter1
POSTHOOK: type: DROPTABLE
POSTHOOK: Input: alter1_db@alter1
POSTHOOK: Output: alter1_db@alter1
PREHOOK: query: USE default
PREHOOK: type: SWITCHDATABASE
POSTHOOK: query: USE default
POSTHOOK: type: SWITCHDATABASE
PREHOOK: query: DROP DATABASE alter1_db
PREHOOK: type: DROPDATABASE
POSTHOOK: query: DROP DATABASE alter1_db
POSTHOOK: type: DROPDATABASE
