query: CREATE TABLE dest1(c1 DOUBLE, c2 DOUBLE, c3 DOUBLE, c4 DOUBLE, c5 DOUBLE, c6 DOUBLE, c7 DOUBLE, c8 DOUBLE, c9 DOUBLE) STORED AS TEXTFILE
query: EXPLAIN
FROM src
INSERT OVERWRITE TABLE dest1 SELECT
  sum(substr(src.value,5)),
  avg(substr(src.value,5)),
  avg(DISTINCT substr(src.value,5)),
  max(substr(src.value,5)),
  min(substr(src.value,5)),
  std(substr(src.value,5)),
  stddev_samp(substr(src.value,5)),
  variance(substr(src.value,5)),
  var_samp(substr(src.value,5))
ABSTRACT SYNTAX TREE:
  (TOK_QUERY (TOK_FROM (TOK_TABREF src)) (TOK_INSERT (TOK_DESTINATION (TOK_TAB dest1)) (TOK_SELECT (TOK_SELEXPR (TOK_FUNCTION sum (TOK_FUNCTION substr (. (TOK_TABLE_OR_COL src) value) 5))) (TOK_SELEXPR (TOK_FUNCTION avg (TOK_FUNCTION substr (. (TOK_TABLE_OR_COL src) value) 5))) (TOK_SELEXPR (TOK_FUNCTIONDI avg (TOK_FUNCTION substr (. (TOK_TABLE_OR_COL src) value) 5))) (TOK_SELEXPR (TOK_FUNCTION max (TOK_FUNCTION substr (. (TOK_TABLE_OR_COL src) value) 5))) (TOK_SELEXPR (TOK_FUNCTION min (TOK_FUNCTION substr (. (TOK_TABLE_OR_COL src) value) 5))) (TOK_SELEXPR (TOK_FUNCTION std (TOK_FUNCTION substr (. (TOK_TABLE_OR_COL src) value) 5))) (TOK_SELEXPR (TOK_FUNCTION stddev_samp (TOK_FUNCTION substr (. (TOK_TABLE_OR_COL src) value) 5))) (TOK_SELEXPR (TOK_FUNCTION variance (TOK_FUNCTION substr (. (TOK_TABLE_OR_COL src) value) 5))) (TOK_SELEXPR (TOK_FUNCTION var_samp (TOK_FUNCTION substr (. (TOK_TABLE_OR_COL src) value) 5))))))

STAGE DEPENDENCIES:
  Stage-1 is a root stage
  Stage-0 depends on stages: Stage-1

STAGE PLANS:
  Stage: Stage-1
    Map Reduce
      Alias -> Map Operator Tree:
        src 
          TableScan
            alias: src
            Select Operator
              expressions:
                    expr: value
                    type: string
              outputColumnNames: value
              Reduce Output Operator
                key expressions:
                      expr: substr(value, 5)
                      type: string
                sort order: +
                tag: -1
      Reduce Operator Tree:
        Group By Operator
          aggregations:
                expr: sum(KEY._col0)
                expr: avg(KEY._col0)
                expr: avg(DISTINCT KEY._col0)
                expr: max(KEY._col0)
                expr: min(KEY._col0)
                expr: std(KEY._col0)
                expr: stddev_samp(KEY._col0)
                expr: variance(KEY._col0)
                expr: var_samp(KEY._col0)
          mode: complete
          outputColumnNames: _col0, _col1, _col2, _col3, _col4, _col5, _col6, _col7, _col8
          Select Operator
            expressions:
                  expr: _col0
                  type: double
                  expr: _col1
                  type: double
                  expr: _col2
                  type: double
                  expr: _col3
                  type: string
                  expr: _col4
                  type: string
                  expr: _col5
                  type: double
                  expr: _col6
                  type: double
                  expr: _col7
                  type: double
                  expr: _col8
                  type: double
            outputColumnNames: _col0, _col1, _col2, _col3, _col4, _col5, _col6, _col7, _col8
            Select Operator
              expressions:
                    expr: _col0
                    type: double
                    expr: _col1
                    type: double
                    expr: _col2
                    type: double
                    expr: UDFToDouble(_col3)
                    type: double
                    expr: UDFToDouble(_col4)
                    type: double
                    expr: _col5
                    type: double
                    expr: _col6
                    type: double
                    expr: _col7
                    type: double
                    expr: _col8
                    type: double
              outputColumnNames: _col0, _col1, _col2, _col3, _col4, _col5, _col6, _col7, _col8
              File Output Operator
                compressed: false
                GlobalTableId: 1
                table:
                    input format: org.apache.hadoop.mapred.TextInputFormat
                    output format: org.apache.hadoop.hive.ql.io.HiveIgnoreKeyTextOutputFormat
                    serde: org.apache.hadoop.hive.serde2.lazy.LazySimpleSerDe
                    name: dest1

  Stage: Stage-0
    Move Operator
      tables:
          replace: true
          table:
              input format: org.apache.hadoop.mapred.TextInputFormat
              output format: org.apache.hadoop.hive.ql.io.HiveIgnoreKeyTextOutputFormat
              serde: org.apache.hadoop.hive.serde2.lazy.LazySimpleSerDe
              name: dest1

query: FROM src
INSERT OVERWRITE TABLE dest1 SELECT
  sum(substr(src.value,5)),
  avg(substr(src.value,5)),
  avg(DISTINCT substr(src.value,5)),
  max(substr(src.value,5)),
  min(substr(src.value,5)),
  std(substr(src.value,5)),
  stddev_samp(substr(src.value,5)),
  variance(substr(src.value,5)),
  var_samp(substr(src.value,5))
Input: default/src
Output: default/dest1
query: SELECT dest1.* FROM dest1
Input: default/dest1
Output: file:/data/users/athusoo/commits/hive_trunk_ws1/build/ql/tmp/2134252669/10000
130091.0	260.182	256.10355987055016	98.0	0.0	142.92680950752379	143.06995106518903	20428.072875999995	20469.010897795586
query: DROP TABLE dest1
