query: CREATE TABLE dest1(key INT) STORED AS TEXTFILE
query: EXPLAIN
FROM src INSERT OVERWRITE TABLE dest1 SELECT sum(src.key)
ABSTRACT SYNTAX TREE:
  (TOK_QUERY (TOK_FROM (TOK_TABREF src)) (TOK_INSERT (TOK_DESTINATION (TOK_TAB dest1)) (TOK_SELECT (TOK_SELEXPR (TOK_FUNCTION sum (. (TOK_TABLE_OR_COL src) key))))))

STAGE DEPENDENCIES:
  Stage-1 is a root stage
  Stage-0 depends on stages: Stage-1

STAGE PLANS:
  Stage: Stage-1
    Map Reduce
      Alias -> Map Operator Tree:
        src 
            Select Operator
              expressions:
                    expr: key
                    type: string
              Group By Operator
                aggregations:
                      expr: sum(UDFToDouble(0))
                mode: hash
                Reduce Output Operator
                  sort order: 
                  tag: -1
                  value expressions:
                        expr: 0
                        type: double
      Reduce Operator Tree:
        Group By Operator
          aggregations:
                expr: sum(VALUE.0)
          mode: final
          Select Operator
            expressions:
                  expr: 0
                  type: double
            Select Operator
              expressions:
                    expr: UDFToInteger(0)
                    type: int
              File Output Operator
                compressed: false
                GlobalTableId: 1
                table:
                    input format: org.apache.hadoop.mapred.TextInputFormat
                    output format: org.apache.hadoop.hive.ql.io.HiveIgnoreKeyTextOutputFormat
                    serde: org.apache.hadoop.hive.serde2.lazy.LazySimpleSerDe
                    name: dest1

  Stage: Stage-0
    Move Operator
      tables:
            replace: true
            table:
                input format: org.apache.hadoop.mapred.TextInputFormat
                output format: org.apache.hadoop.hive.ql.io.HiveIgnoreKeyTextOutputFormat
                serde: org.apache.hadoop.hive.serde2.lazy.LazySimpleSerDe
                name: dest1


query: FROM src INSERT OVERWRITE TABLE dest1 SELECT sum(src.key)
Input: default/src
Output: default/dest1
query: SELECT dest1.* FROM dest1
Input: default/dest1
Output: /data/users/athusoo/commits/hive_trunk_ws8/ql/../build/ql/tmp/207636079/315601969.10000
130091
