PREHOOK: query: create table tst1(key STRING, cnt INT)
PREHOOK: type: CREATETABLE
POSTHOOK: query: create table tst1(key STRING, cnt INT)
POSTHOOK: type: CREATETABLE
POSTHOOK: Output: default@tst1
PREHOOK: query: INSERT OVERWRITE TABLE tst1
SELECT a.key, count(1) FROM src a group by a.key
PREHOOK: type: QUERY
PREHOOK: Input: default@src
PREHOOK: Output: default@tst1
POSTHOOK: query: INSERT OVERWRITE TABLE tst1
SELECT a.key, count(1) FROM src a group by a.key
POSTHOOK: type: QUERY
POSTHOOK: Input: default@src
POSTHOOK: Output: default@tst1
POSTHOOK: Lineage: tst1.cnt EXPRESSION [(src)a.null, ]
POSTHOOK: Lineage: tst1.key SIMPLE [(src)a.FieldSchema(name:key, type:string, comment:default), ]
PREHOOK: query: SELECT sum(a.cnt)  FROM tst1 a JOIN tst1 b ON a.key = b.key
PREHOOK: type: QUERY
PREHOOK: Input: default@tst1
PREHOOK: Output: file:/tmp/jssarma/hive_2010-07-21_11-32-31_747_8781349854837521584/10000
POSTHOOK: query: SELECT sum(a.cnt)  FROM tst1 a JOIN tst1 b ON a.key = b.key
POSTHOOK: type: QUERY
POSTHOOK: Input: default@tst1
POSTHOOK: Output: file:/tmp/jssarma/hive_2010-07-21_11-32-31_747_8781349854837521584/10000
POSTHOOK: Lineage: tst1.cnt EXPRESSION [(src)a.null, ]
POSTHOOK: Lineage: tst1.key SIMPLE [(src)a.FieldSchema(name:key, type:string, comment:default), ]
500
