PREHOOK: query: create table tmp_pyang_lv (inputs string) stored as rcfile
PREHOOK: type: CREATETABLE
POSTHOOK: query: create table tmp_pyang_lv (inputs string) stored as rcfile
POSTHOOK: type: CREATETABLE
POSTHOOK: Output: default@tmp_pyang_lv
PREHOOK: query: insert overwrite table tmp_pyang_lv select key from src
PREHOOK: type: QUERY
PREHOOK: Input: default@src
PREHOOK: Output: default@tmp_pyang_lv
POSTHOOK: query: insert overwrite table tmp_pyang_lv select key from src
POSTHOOK: type: QUERY
POSTHOOK: Input: default@src
POSTHOOK: Output: default@tmp_pyang_lv
POSTHOOK: Lineage: tmp_pyang_lv.inputs SIMPLE [(src)src.FieldSchema(name:key, type:string, comment:default), ]
PREHOOK: query: EXPLAIN SELECT * FROM src LATERAL VIEW explode(array(1,2,3)) myTable AS myCol SORT BY key ASC, myCol ASC LIMIT 1
PREHOOK: type: QUERY
POSTHOOK: query: EXPLAIN SELECT * FROM src LATERAL VIEW explode(array(1,2,3)) myTable AS myCol SORT BY key ASC, myCol ASC LIMIT 1
POSTHOOK: type: QUERY
POSTHOOK: Lineage: tmp_pyang_lv.inputs SIMPLE [(src)src.FieldSchema(name:key, type:string, comment:default), ]
ABSTRACT SYNTAX TREE:
  (TOK_QUERY (TOK_FROM (TOK_LATERAL_VIEW (TOK_SELECT (TOK_SELEXPR (TOK_FUNCTION explode (TOK_FUNCTION array 1 2 3)) myCol (TOK_TABALIAS myTable))) (TOK_TABREF src))) (TOK_INSERT (TOK_DESTINATION (TOK_DIR TOK_TMP_FILE)) (TOK_SELECT (TOK_SELEXPR TOK_ALLCOLREF)) (TOK_SORTBY (TOK_TABSORTCOLNAMEASC (TOK_TABLE_OR_COL key)) (TOK_TABSORTCOLNAMEASC (TOK_TABLE_OR_COL myCol))) (TOK_LIMIT 1)))

STAGE DEPENDENCIES:
  Stage-1 is a root stage
  Stage-2 depends on stages: Stage-1
  Stage-0 is a root stage

STAGE PLANS:
  Stage: Stage-1
    Map Reduce
      Alias -> Map Operator Tree:
        src 
          TableScan
            alias: src
            Select Operator
              SELECT * : (no compute)
              Lateral View Join Operator
                outputColumnNames: _col0, _col1, _col2
                Select Operator
                  expressions:
                        expr: _col0
                        type: string
                        expr: _col1
                        type: string
                        expr: _col2
                        type: int
                  outputColumnNames: _col0, _col1, _col2
                  Reduce Output Operator
                    key expressions:
                          expr: _col0
                          type: string
                          expr: _col2
                          type: int
                    sort order: ++
                    tag: -1
                    value expressions:
                          expr: _col0
                          type: string
                          expr: _col1
                          type: string
                          expr: _col2
                          type: int
            Select Operator
              expressions:
                    expr: array(1,2,3)
                    type: array<int>
              outputColumnNames: _col0
              UDTF Operator
                function name: explode
                Lateral View Join Operator
                  outputColumnNames: _col0, _col1, _col2
                  Select Operator
                    expressions:
                          expr: _col0
                          type: string
                          expr: _col1
                          type: string
                          expr: _col2
                          type: int
                    outputColumnNames: _col0, _col1, _col2
                    Reduce Output Operator
                      key expressions:
                            expr: _col0
                            type: string
                            expr: _col2
                            type: int
                      sort order: ++
                      tag: -1
                      value expressions:
                            expr: _col0
                            type: string
                            expr: _col1
                            type: string
                            expr: _col2
                            type: int
      Reduce Operator Tree:
        Extract
          Limit
            File Output Operator
              compressed: false
              GlobalTableId: 0
              table:
                  input format: org.apache.hadoop.mapred.SequenceFileInputFormat
                  output format: org.apache.hadoop.hive.ql.io.HiveSequenceFileOutputFormat

  Stage: Stage-2
    Map Reduce
      Alias -> Map Operator Tree:
        file:/var/folders/6g/6grtCwPMEf4sqHUPpy6xQG9ByHg/-Tmp-/heyongqiang/hive_2010-06-18_19-54-16_286_7545304927031880480/10002 
            Reduce Output Operator
              key expressions:
                    expr: _col0
                    type: string
                    expr: _col2
                    type: int
              sort order: ++
              tag: -1
              value expressions:
                    expr: _col0
                    type: string
                    expr: _col1
                    type: string
                    expr: _col2
                    type: int
      Reduce Operator Tree:
        Extract
          Limit
            File Output Operator
              compressed: false
              GlobalTableId: 0
              table:
                  input format: org.apache.hadoop.mapred.TextInputFormat
                  output format: org.apache.hadoop.hive.ql.io.HiveIgnoreKeyTextOutputFormat

  Stage: Stage-0
    Fetch Operator
      limit: 1


PREHOOK: query: EXPLAIN SELECT myTable.* FROM src LATERAL VIEW explode(array(1,2,3)) myTable AS myCol LIMIT 3
PREHOOK: type: QUERY
POSTHOOK: query: EXPLAIN SELECT myTable.* FROM src LATERAL VIEW explode(array(1,2,3)) myTable AS myCol LIMIT 3
POSTHOOK: type: QUERY
POSTHOOK: Lineage: tmp_pyang_lv.inputs SIMPLE [(src)src.FieldSchema(name:key, type:string, comment:default), ]
ABSTRACT SYNTAX TREE:
  (TOK_QUERY (TOK_FROM (TOK_LATERAL_VIEW (TOK_SELECT (TOK_SELEXPR (TOK_FUNCTION explode (TOK_FUNCTION array 1 2 3)) myCol (TOK_TABALIAS myTable))) (TOK_TABREF src))) (TOK_INSERT (TOK_DESTINATION (TOK_DIR TOK_TMP_FILE)) (TOK_SELECT (TOK_SELEXPR (TOK_ALLCOLREF myTable))) (TOK_LIMIT 3)))

STAGE DEPENDENCIES:
  Stage-1 is a root stage
  Stage-0 is a root stage

STAGE PLANS:
  Stage: Stage-1
    Map Reduce
      Alias -> Map Operator Tree:
        src 
          TableScan
            alias: src
            Select Operator
              SELECT * : (no compute)
              Lateral View Join Operator
                outputColumnNames: _col0, _col1, _col2
                Select Operator
                  expressions:
                        expr: _col2
                        type: int
                  outputColumnNames: _col0
                  Limit
                    File Output Operator
                      compressed: false
                      GlobalTableId: 0
                      table:
                          input format: org.apache.hadoop.mapred.TextInputFormat
                          output format: org.apache.hadoop.hive.ql.io.HiveIgnoreKeyTextOutputFormat
            Select Operator
              expressions:
                    expr: array(1,2,3)
                    type: array<int>
              outputColumnNames: _col0
              UDTF Operator
                function name: explode
                Lateral View Join Operator
                  outputColumnNames: _col0, _col1, _col2
                  Select Operator
                    expressions:
                          expr: _col2
                          type: int
                    outputColumnNames: _col0
                    Limit
                      File Output Operator
                        compressed: false
                        GlobalTableId: 0
                        table:
                            input format: org.apache.hadoop.mapred.TextInputFormat
                            output format: org.apache.hadoop.hive.ql.io.HiveIgnoreKeyTextOutputFormat

  Stage: Stage-0
    Fetch Operator
      limit: 3


PREHOOK: query: EXPLAIN SELECT myTable.myCol, myTable2.myCol2 FROM src LATERAL VIEW explode(array(1,2,3)) myTable AS myCol LATERAL VIEW explode(array('a', 'b', 'c')) myTable2 AS myCol2 LIMIT 9
PREHOOK: type: QUERY
POSTHOOK: query: EXPLAIN SELECT myTable.myCol, myTable2.myCol2 FROM src LATERAL VIEW explode(array(1,2,3)) myTable AS myCol LATERAL VIEW explode(array('a', 'b', 'c')) myTable2 AS myCol2 LIMIT 9
POSTHOOK: type: QUERY
POSTHOOK: Lineage: tmp_pyang_lv.inputs SIMPLE [(src)src.FieldSchema(name:key, type:string, comment:default), ]
ABSTRACT SYNTAX TREE:
  (TOK_QUERY (TOK_FROM (TOK_LATERAL_VIEW (TOK_SELECT (TOK_SELEXPR (TOK_FUNCTION explode (TOK_FUNCTION array 'a' 'b' 'c')) myCol2 (TOK_TABALIAS myTable2))) (TOK_LATERAL_VIEW (TOK_SELECT (TOK_SELEXPR (TOK_FUNCTION explode (TOK_FUNCTION array 1 2 3)) myCol (TOK_TABALIAS myTable))) (TOK_TABREF src)))) (TOK_INSERT (TOK_DESTINATION (TOK_DIR TOK_TMP_FILE)) (TOK_SELECT (TOK_SELEXPR (. (TOK_TABLE_OR_COL myTable) myCol)) (TOK_SELEXPR (. (TOK_TABLE_OR_COL myTable2) myCol2))) (TOK_LIMIT 9)))

STAGE DEPENDENCIES:
  Stage-1 is a root stage
  Stage-0 is a root stage

STAGE PLANS:
  Stage: Stage-1
    Map Reduce
      Alias -> Map Operator Tree:
        src 
          TableScan
            alias: src
            Select Operator
              SELECT * : (no compute)
              Lateral View Join Operator
                outputColumnNames: _col0, _col1, _col2
                Select Operator
                  SELECT * : (no compute)
                  Lateral View Join Operator
                    outputColumnNames: _col0, _col1, _col2, _col3
                    Select Operator
                      expressions:
                            expr: _col2
                            type: int
                            expr: _col3
                            type: string
                      outputColumnNames: _col0, _col1
                      Limit
                        File Output Operator
                          compressed: false
                          GlobalTableId: 0
                          table:
                              input format: org.apache.hadoop.mapred.TextInputFormat
                              output format: org.apache.hadoop.hive.ql.io.HiveIgnoreKeyTextOutputFormat
                Select Operator
                  expressions:
                        expr: array('a','b','c')
                        type: array<string>
                  outputColumnNames: _col0
                  UDTF Operator
                    function name: explode
                    Lateral View Join Operator
                      outputColumnNames: _col0, _col1, _col2, _col3
                      Select Operator
                        expressions:
                              expr: _col2
                              type: int
                              expr: _col3
                              type: string
                        outputColumnNames: _col0, _col1
                        Limit
                          File Output Operator
                            compressed: false
                            GlobalTableId: 0
                            table:
                                input format: org.apache.hadoop.mapred.TextInputFormat
                                output format: org.apache.hadoop.hive.ql.io.HiveIgnoreKeyTextOutputFormat
            Select Operator
              expressions:
                    expr: array(1,2,3)
                    type: array<int>
              outputColumnNames: _col0
              UDTF Operator
                function name: explode
                Lateral View Join Operator
                  outputColumnNames: _col0, _col1, _col2
                  Select Operator
                    SELECT * : (no compute)
                    Lateral View Join Operator
                      outputColumnNames: _col0, _col1, _col2, _col3
                      Select Operator
                        expressions:
                              expr: _col2
                              type: int
                              expr: _col3
                              type: string
                        outputColumnNames: _col0, _col1
                        Limit
                          File Output Operator
                            compressed: false
                            GlobalTableId: 0
                            table:
                                input format: org.apache.hadoop.mapred.TextInputFormat
                                output format: org.apache.hadoop.hive.ql.io.HiveIgnoreKeyTextOutputFormat
                  Select Operator
                    expressions:
                          expr: array('a','b','c')
                          type: array<string>
                    outputColumnNames: _col0
                    UDTF Operator
                      function name: explode
                      Lateral View Join Operator
                        outputColumnNames: _col0, _col1, _col2, _col3
                        Select Operator
                          expressions:
                                expr: _col2
                                type: int
                                expr: _col3
                                type: string
                          outputColumnNames: _col0, _col1
                          Limit
                            File Output Operator
                              compressed: false
                              GlobalTableId: 0
                              table:
                                  input format: org.apache.hadoop.mapred.TextInputFormat
                                  output format: org.apache.hadoop.hive.ql.io.HiveIgnoreKeyTextOutputFormat

  Stage: Stage-0
    Fetch Operator
      limit: 9


PREHOOK: query: EXPLAIN SELECT myTable2.* FROM src LATERAL VIEW explode(array(array(1,2,3))) myTable AS myCol LATERAL VIEW explode(myTable.myCol) myTable2 AS myCol2 LIMIT 3
PREHOOK: type: QUERY
POSTHOOK: query: EXPLAIN SELECT myTable2.* FROM src LATERAL VIEW explode(array(array(1,2,3))) myTable AS myCol LATERAL VIEW explode(myTable.myCol) myTable2 AS myCol2 LIMIT 3
POSTHOOK: type: QUERY
POSTHOOK: Lineage: tmp_pyang_lv.inputs SIMPLE [(src)src.FieldSchema(name:key, type:string, comment:default), ]
ABSTRACT SYNTAX TREE:
  (TOK_QUERY (TOK_FROM (TOK_LATERAL_VIEW (TOK_SELECT (TOK_SELEXPR (TOK_FUNCTION explode (. (TOK_TABLE_OR_COL myTable) myCol)) myCol2 (TOK_TABALIAS myTable2))) (TOK_LATERAL_VIEW (TOK_SELECT (TOK_SELEXPR (TOK_FUNCTION explode (TOK_FUNCTION array (TOK_FUNCTION array 1 2 3))) myCol (TOK_TABALIAS myTable))) (TOK_TABREF src)))) (TOK_INSERT (TOK_DESTINATION (TOK_DIR TOK_TMP_FILE)) (TOK_SELECT (TOK_SELEXPR (TOK_ALLCOLREF myTable2))) (TOK_LIMIT 3)))

STAGE DEPENDENCIES:
  Stage-1 is a root stage
  Stage-0 is a root stage

STAGE PLANS:
  Stage: Stage-1
    Map Reduce
      Alias -> Map Operator Tree:
        src 
          TableScan
            alias: src
            Select Operator
              SELECT * : (no compute)
              Lateral View Join Operator
                outputColumnNames: _col0, _col1, _col2
                Select Operator
                  SELECT * : (no compute)
                  Lateral View Join Operator
                    outputColumnNames: _col0, _col1, _col2, _col3
                    Select Operator
                      expressions:
                            expr: _col3
                            type: int
                      outputColumnNames: _col0
                      Limit
                        File Output Operator
                          compressed: false
                          GlobalTableId: 0
                          table:
                              input format: org.apache.hadoop.mapred.TextInputFormat
                              output format: org.apache.hadoop.hive.ql.io.HiveIgnoreKeyTextOutputFormat
                Select Operator
                  expressions:
                        expr: _col2
                        type: array<int>
                  outputColumnNames: _col0
                  UDTF Operator
                    function name: explode
                    Lateral View Join Operator
                      outputColumnNames: _col0, _col1, _col2, _col3
                      Select Operator
                        expressions:
                              expr: _col3
                              type: int
                        outputColumnNames: _col0
                        Limit
                          File Output Operator
                            compressed: false
                            GlobalTableId: 0
                            table:
                                input format: org.apache.hadoop.mapred.TextInputFormat
                                output format: org.apache.hadoop.hive.ql.io.HiveIgnoreKeyTextOutputFormat
            Select Operator
              expressions:
                    expr: array(array(1,2,3))
                    type: array<array<int>>
              outputColumnNames: _col0
              UDTF Operator
                function name: explode
                Lateral View Join Operator
                  outputColumnNames: _col0, _col1, _col2
                  Select Operator
                    SELECT * : (no compute)
                    Lateral View Join Operator
                      outputColumnNames: _col0, _col1, _col2, _col3
                      Select Operator
                        expressions:
                              expr: _col3
                              type: int
                        outputColumnNames: _col0
                        Limit
                          File Output Operator
                            compressed: false
                            GlobalTableId: 0
                            table:
                                input format: org.apache.hadoop.mapred.TextInputFormat
                                output format: org.apache.hadoop.hive.ql.io.HiveIgnoreKeyTextOutputFormat
                  Select Operator
                    expressions:
                          expr: _col2
                          type: array<int>
                    outputColumnNames: _col0
                    UDTF Operator
                      function name: explode
                      Lateral View Join Operator
                        outputColumnNames: _col0, _col1, _col2, _col3
                        Select Operator
                          expressions:
                                expr: _col3
                                type: int
                          outputColumnNames: _col0
                          Limit
                            File Output Operator
                              compressed: false
                              GlobalTableId: 0
                              table:
                                  input format: org.apache.hadoop.mapred.TextInputFormat
                                  output format: org.apache.hadoop.hive.ql.io.HiveIgnoreKeyTextOutputFormat

  Stage: Stage-0
    Fetch Operator
      limit: 3


PREHOOK: query: -- Verify that * selects columns from both tables
SELECT * FROM src LATERAL VIEW explode(array(1,2,3)) myTable AS myCol SORT BY key ASC, myCol ASC LIMIT 1
PREHOOK: type: QUERY
PREHOOK: Input: default@src
PREHOOK: Output: file:/var/folders/6g/6grtCwPMEf4sqHUPpy6xQG9ByHg/-Tmp-/heyongqiang/hive_2010-06-18_19-54-16_764_354722541681050276/10000
POSTHOOK: query: -- Verify that * selects columns from both tables
SELECT * FROM src LATERAL VIEW explode(array(1,2,3)) myTable AS myCol SORT BY key ASC, myCol ASC LIMIT 1
POSTHOOK: type: QUERY
POSTHOOK: Input: default@src
POSTHOOK: Output: file:/var/folders/6g/6grtCwPMEf4sqHUPpy6xQG9ByHg/-Tmp-/heyongqiang/hive_2010-06-18_19-54-16_764_354722541681050276/10000
POSTHOOK: Lineage: tmp_pyang_lv.inputs SIMPLE [(src)src.FieldSchema(name:key, type:string, comment:default), ]
0	val_0	1
PREHOOK: query: -- TABLE.* should be supported
SELECT myTable.* FROM src LATERAL VIEW explode(array(1,2,3)) myTable AS myCol LIMIT 3
PREHOOK: type: QUERY
PREHOOK: Input: default@src
PREHOOK: Output: file:/var/folders/6g/6grtCwPMEf4sqHUPpy6xQG9ByHg/-Tmp-/heyongqiang/hive_2010-06-18_19-54-23_656_7186983670906657556/10000
POSTHOOK: query: -- TABLE.* should be supported
SELECT myTable.* FROM src LATERAL VIEW explode(array(1,2,3)) myTable AS myCol LIMIT 3
POSTHOOK: type: QUERY
POSTHOOK: Input: default@src
POSTHOOK: Output: file:/var/folders/6g/6grtCwPMEf4sqHUPpy6xQG9ByHg/-Tmp-/heyongqiang/hive_2010-06-18_19-54-23_656_7186983670906657556/10000
POSTHOOK: Lineage: tmp_pyang_lv.inputs SIMPLE [(src)src.FieldSchema(name:key, type:string, comment:default), ]
1
2
3
PREHOOK: query: -- Multiple lateral views should result in a Cartesian product
SELECT myTable.myCol, myTable2.myCol2 FROM src LATERAL VIEW explode(array(1,2,3)) myTable AS myCol LATERAL VIEW explode(array('a', 'b', 'c')) myTable2 AS myCol2 LIMIT 9
PREHOOK: type: QUERY
PREHOOK: Input: default@src
PREHOOK: Output: file:/var/folders/6g/6grtCwPMEf4sqHUPpy6xQG9ByHg/-Tmp-/heyongqiang/hive_2010-06-18_19-54-27_321_7329581422596695757/10000
POSTHOOK: query: -- Multiple lateral views should result in a Cartesian product
SELECT myTable.myCol, myTable2.myCol2 FROM src LATERAL VIEW explode(array(1,2,3)) myTable AS myCol LATERAL VIEW explode(array('a', 'b', 'c')) myTable2 AS myCol2 LIMIT 9
POSTHOOK: type: QUERY
POSTHOOK: Input: default@src
POSTHOOK: Output: file:/var/folders/6g/6grtCwPMEf4sqHUPpy6xQG9ByHg/-Tmp-/heyongqiang/hive_2010-06-18_19-54-27_321_7329581422596695757/10000
POSTHOOK: Lineage: tmp_pyang_lv.inputs SIMPLE [(src)src.FieldSchema(name:key, type:string, comment:default), ]
1	a
1	b
1	c
2	a
2	b
2	c
3	a
3	b
3	c
PREHOOK: query: -- Should be able to reference tables generated earlier
SELECT myTable2.* FROM src LATERAL VIEW explode(array(array(1,2,3))) myTable AS myCol LATERAL VIEW explode(myTable.myCol) myTable2 AS myCol2 LIMIT 3
PREHOOK: type: QUERY
PREHOOK: Input: default@src
PREHOOK: Output: file:/var/folders/6g/6grtCwPMEf4sqHUPpy6xQG9ByHg/-Tmp-/heyongqiang/hive_2010-06-18_19-54-31_056_3810278535508636145/10000
POSTHOOK: query: -- Should be able to reference tables generated earlier
SELECT myTable2.* FROM src LATERAL VIEW explode(array(array(1,2,3))) myTable AS myCol LATERAL VIEW explode(myTable.myCol) myTable2 AS myCol2 LIMIT 3
POSTHOOK: type: QUERY
POSTHOOK: Input: default@src
POSTHOOK: Output: file:/var/folders/6g/6grtCwPMEf4sqHUPpy6xQG9ByHg/-Tmp-/heyongqiang/hive_2010-06-18_19-54-31_056_3810278535508636145/10000
POSTHOOK: Lineage: tmp_pyang_lv.inputs SIMPLE [(src)src.FieldSchema(name:key, type:string, comment:default), ]
1
2
3
PREHOOK: query: explain
select myCol from tmp_pyang_lv LATERAL VIEW explode(array(1,2,3)) myTab as myCol limit 3
PREHOOK: type: QUERY
POSTHOOK: query: explain
select myCol from tmp_pyang_lv LATERAL VIEW explode(array(1,2,3)) myTab as myCol limit 3
POSTHOOK: type: QUERY
POSTHOOK: Lineage: tmp_pyang_lv.inputs SIMPLE [(src)src.FieldSchema(name:key, type:string, comment:default), ]
ABSTRACT SYNTAX TREE:
  (TOK_QUERY (TOK_FROM (TOK_LATERAL_VIEW (TOK_SELECT (TOK_SELEXPR (TOK_FUNCTION explode (TOK_FUNCTION array 1 2 3)) myCol (TOK_TABALIAS myTab))) (TOK_TABREF tmp_pyang_lv))) (TOK_INSERT (TOK_DESTINATION (TOK_DIR TOK_TMP_FILE)) (TOK_SELECT (TOK_SELEXPR (TOK_TABLE_OR_COL myCol))) (TOK_LIMIT 3)))

STAGE DEPENDENCIES:
  Stage-1 is a root stage
  Stage-0 is a root stage

STAGE PLANS:
  Stage: Stage-1
    Map Reduce
      Alias -> Map Operator Tree:
        tmp_pyang_lv 
          TableScan
            alias: tmp_pyang_lv
            Select Operator
              SELECT * : (no compute)
              Lateral View Join Operator
                outputColumnNames: _col0, _col1
                Select Operator
                  expressions:
                        expr: _col1
                        type: int
                  outputColumnNames: _col0
                  Limit
                    File Output Operator
                      compressed: false
                      GlobalTableId: 0
                      table:
                          input format: org.apache.hadoop.mapred.TextInputFormat
                          output format: org.apache.hadoop.hive.ql.io.HiveIgnoreKeyTextOutputFormat
            Select Operator
              expressions:
                    expr: array(1,2,3)
                    type: array<int>
              outputColumnNames: _col0
              UDTF Operator
                function name: explode
                Lateral View Join Operator
                  outputColumnNames: _col0, _col1
                  Select Operator
                    expressions:
                          expr: _col1
                          type: int
                    outputColumnNames: _col0
                    Limit
                      File Output Operator
                        compressed: false
                        GlobalTableId: 0
                        table:
                            input format: org.apache.hadoop.mapred.TextInputFormat
                            output format: org.apache.hadoop.hive.ql.io.HiveIgnoreKeyTextOutputFormat

  Stage: Stage-0
    Fetch Operator
      limit: 3


PREHOOK: query: select myCol from tmp_pyang_lv LATERAL VIEW explode(array(1,2,3)) myTab as myCol limit 3
PREHOOK: type: QUERY
PREHOOK: Input: default@tmp_pyang_lv
PREHOOK: Output: file:/var/folders/6g/6grtCwPMEf4sqHUPpy6xQG9ByHg/-Tmp-/heyongqiang/hive_2010-06-18_19-54-35_530_6647775029322914068/10000
POSTHOOK: query: select myCol from tmp_pyang_lv LATERAL VIEW explode(array(1,2,3)) myTab as myCol limit 3
POSTHOOK: type: QUERY
POSTHOOK: Input: default@tmp_pyang_lv
POSTHOOK: Output: file:/var/folders/6g/6grtCwPMEf4sqHUPpy6xQG9ByHg/-Tmp-/heyongqiang/hive_2010-06-18_19-54-35_530_6647775029322914068/10000
POSTHOOK: Lineage: tmp_pyang_lv.inputs SIMPLE [(src)src.FieldSchema(name:key, type:string, comment:default), ]
1
2
3
PREHOOK: query: drop table tmp_pyang_lv
PREHOOK: type: DROPTABLE
POSTHOOK: query: drop table tmp_pyang_lv
POSTHOOK: type: DROPTABLE
POSTHOOK: Output: default@tmp_pyang_lv
POSTHOOK: Lineage: tmp_pyang_lv.inputs SIMPLE [(src)src.FieldSchema(name:key, type:string, comment:default), ]
