PREHOOK: query: from src
select transform('aa;') using '/bin/cat' as a  limit 1
PREHOOK: type: QUERY
PREHOOK: Input: default@src
PREHOOK: Output: file:/data/users/njain/hive5/hive5/build/ql/tmp/1274221340/10000
POSTHOOK: query: from src
select transform('aa;') using '/bin/cat' as a  limit 1
POSTHOOK: type: QUERY
POSTHOOK: Input: default@src
POSTHOOK: Output: file:/data/users/njain/hive5/hive5/build/ql/tmp/1274221340/10000
aa;
PREHOOK: query: from src
select transform('bb') using '/bin/cat' as b limit 1
PREHOOK: type: QUERY
PREHOOK: Input: default@src
PREHOOK: Output: file:/data/users/njain/hive5/hive5/build/ql/tmp/851654826/10000
POSTHOOK: query: from src
select transform('bb') using '/bin/cat' as b limit 1
POSTHOOK: type: QUERY
POSTHOOK: Input: default@src
POSTHOOK: Output: file:/data/users/njain/hive5/hive5/build/ql/tmp/851654826/10000
bb
PREHOOK: query: from src
select transform('cc') using '/bin/cat' as c limit 1
PREHOOK: type: QUERY
PREHOOK: Input: default@src
PREHOOK: Output: file:/data/users/njain/hive5/hive5/build/ql/tmp/345035754/10000
POSTHOOK: query: from src
select transform('cc') using '/bin/cat' as c limit 1
POSTHOOK: type: QUERY
POSTHOOK: Input: default@src
POSTHOOK: Output: file:/data/users/njain/hive5/hive5/build/ql/tmp/345035754/10000
cc
