PREHOOK: query: CREATE TABLE dest1(c1 STRING) STORED AS TEXTFILE
PREHOOK: type: CREATETABLE
POSTHOOK: query: CREATE TABLE dest1(c1 STRING) STORED AS TEXTFILE
POSTHOOK: type: CREATETABLE
POSTHOOK: Output: default@dest1
PREHOOK: query: FROM src INSERT OVERWRITE TABLE dest1 SELECT '  abc  ' WHERE src.key = 86
PREHOOK: type: QUERY
PREHOOK: Input: default@src
PREHOOK: Output: default@dest1
POSTHOOK: query: FROM src INSERT OVERWRITE TABLE dest1 SELECT '  abc  ' WHERE src.key = 86
POSTHOOK: type: QUERY
POSTHOOK: Input: default@src
POSTHOOK: Output: default@dest1
POSTHOOK: Lineage: dest1.c1 SIMPLE []
PREHOOK: query: EXPLAIN
SELECT '|', trim(dest1.c1), '|', rtrim(dest1.c1), '|', ltrim(dest1.c1), '|' FROM dest1
PREHOOK: type: QUERY
POSTHOOK: query: EXPLAIN
SELECT '|', trim(dest1.c1), '|', rtrim(dest1.c1), '|', ltrim(dest1.c1), '|' FROM dest1
POSTHOOK: type: QUERY
POSTHOOK: Lineage: dest1.c1 SIMPLE []
ABSTRACT SYNTAX TREE:
  (TOK_QUERY (TOK_FROM (TOK_TABREF dest1)) (TOK_INSERT (TOK_DESTINATION (TOK_DIR TOK_TMP_FILE)) (TOK_SELECT (TOK_SELEXPR '|') (TOK_SELEXPR (TOK_FUNCTION trim (. (TOK_TABLE_OR_COL dest1) c1))) (TOK_SELEXPR '|') (TOK_SELEXPR (TOK_FUNCTION rtrim (. (TOK_TABLE_OR_COL dest1) c1))) (TOK_SELEXPR '|') (TOK_SELEXPR (TOK_FUNCTION ltrim (. (TOK_TABLE_OR_COL dest1) c1))) (TOK_SELEXPR '|'))))

STAGE DEPENDENCIES:
  Stage-1 is a root stage
  Stage-0 is a root stage

STAGE PLANS:
  Stage: Stage-1
    Map Reduce
      Alias -> Map Operator Tree:
        dest1 
          TableScan
            alias: dest1
            Select Operator
              expressions:
                    expr: '|'
                    type: string
                    expr: trim(c1)
                    type: string
                    expr: '|'
                    type: string
                    expr: rtrim(c1)
                    type: string
                    expr: '|'
                    type: string
                    expr: ltrim(c1)
                    type: string
                    expr: '|'
                    type: string
              outputColumnNames: _col0, _col1, _col2, _col3, _col4, _col5, _col6
              File Output Operator
                compressed: false
                GlobalTableId: 0
                table:
                    input format: org.apache.hadoop.mapred.TextInputFormat
                    output format: org.apache.hadoop.hive.ql.io.HiveIgnoreKeyTextOutputFormat

  Stage: Stage-0
    Fetch Operator
      limit: -1


PREHOOK: query: SELECT '|', trim(dest1.c1), '|', rtrim(dest1.c1), '|', ltrim(dest1.c1), '|' FROM dest1
PREHOOK: type: QUERY
PREHOOK: Input: default@dest1
PREHOOK: Output: file:/data/users/athusoo/apache_workspaces/hive_trunk_ws1/.ptest_1/build/ql/scratchdir/hive_2010-04-05_18-31-50_273_246953170286329237/10000
POSTHOOK: query: SELECT '|', trim(dest1.c1), '|', rtrim(dest1.c1), '|', ltrim(dest1.c1), '|' FROM dest1
POSTHOOK: type: QUERY
POSTHOOK: Input: default@dest1
POSTHOOK: Output: file:/data/users/athusoo/apache_workspaces/hive_trunk_ws1/.ptest_1/build/ql/scratchdir/hive_2010-04-05_18-31-50_273_246953170286329237/10000
POSTHOOK: Lineage: dest1.c1 SIMPLE []
|	abc	|	  abc	|	abc  	|
