query: CREATE TABLE dest1(len STRING)
query: EXPLAIN FROM src1 INSERT OVERWRITE TABLE dest1 SELECT reverse(src1.value)
ABSTRACT SYNTAX TREE:
  (TOK_QUERY (TOK_FROM (TOK_TABREF src1)) (TOK_INSERT (TOK_DESTINATION (TOK_TAB dest1)) (TOK_SELECT (TOK_SELEXPR (TOK_FUNCTION reverse (. (TOK_TABLE_OR_COL src1) value))))))

STAGE DEPENDENCIES:
  Stage-1 is a root stage
  Stage-4 depends on stages: Stage-1
  Stage-0 depends on stages: Stage-4

STAGE PLANS:
  Stage: Stage-1
    Map Reduce
      Alias -> Map Operator Tree:
        src1 
          TableScan
            alias: src1
            Select Operator
              expressions:
                    expr: reverse(value)
                    type: string
              outputColumnNames: _col0
              File Output Operator
                compressed: false
                GlobalTableId: 1
                table:
                    input format: org.apache.hadoop.mapred.TextInputFormat
                    output format: org.apache.hadoop.hive.ql.io.HiveIgnoreKeyTextOutputFormat
                    serde: org.apache.hadoop.hive.serde2.lazy.LazySimpleSerDe
                    name: dest1

  Stage: Stage-4
    Conditional Operator
      list of dependent Tasks:
          Move Operator
            files:
                hdfs directory: true
                destination: file:/data/users/athusoo/commits/hive_trunk_ws1/build/ql/tmp/2139233776/10000
          Map Reduce
            Alias -> Map Operator Tree:
              file:/data/users/athusoo/commits/hive_trunk_ws1/build/ql/tmp/1684174409/10002 
                  Reduce Output Operator
                    sort order: 
                    Map-reduce partition columns:
                          expr: rand()
                          type: double
                    tag: -1
                    value expressions:
                          expr: len
                          type: string
            Reduce Operator Tree:
              Extract
                File Output Operator
                  compressed: false
                  GlobalTableId: 0
                  table:
                      input format: org.apache.hadoop.mapred.TextInputFormat
                      output format: org.apache.hadoop.hive.ql.io.HiveIgnoreKeyTextOutputFormat
                      serde: org.apache.hadoop.hive.serde2.lazy.LazySimpleSerDe
                      name: dest1

  Stage: Stage-0
    Move Operator
      tables:
          replace: true
          table:
              input format: org.apache.hadoop.mapred.TextInputFormat
              output format: org.apache.hadoop.hive.ql.io.HiveIgnoreKeyTextOutputFormat
              serde: org.apache.hadoop.hive.serde2.lazy.LazySimpleSerDe
              name: dest1


query: FROM src1 INSERT OVERWRITE TABLE dest1 SELECT reverse(src1.value)
Input: default/src1
Output: default/dest1
query: SELECT dest1.* FROM dest1
Input: default/dest1
Output: file:/data/users/athusoo/commits/hive_trunk_ws1/build/ql/tmp/38069188/10000
832_lav

113_lav
72_lav
561_lav
904_lav
552_lav
872_lav
89_lav
484_lav
562_lav
391_lav
104_lav
051_lav
372_lav


66_lav

312_lav
641_lav
604_lav



query: DROP TABLE dest1
query: -- Test with non-ascii characters
-- kv4.txt contains the text 0xE982B5E993AE, which should be reversed to
-- 0xE993AEE982B5
CREATE TABLE dest1(name STRING) STORED AS TEXTFILE
query: LOAD DATA LOCAL INPATH '../data/files/kv4.txt' INTO TABLE dest1
query: SELECT count(1) FROM dest1 WHERE reverse(dest1.name) = _UTF-8 0xE993AEE982B5
Input: default/dest1
Output: file:/data/users/athusoo/commits/hive_trunk_ws1/build/ql/tmp/484118/10000
1
query: DROP TABLE dest1
