PREHOOK: query: drop table tstsrc
PREHOOK: type: DROPTABLE
POSTHOOK: query: drop table tstsrc
POSTHOOK: type: DROPTABLE
PREHOOK: query: create table tstsrc as select * from src
PREHOOK: type: CREATETABLE_AS_SELECT
PREHOOK: Input: default@src
POSTHOOK: query: create table tstsrc as select * from src
POSTHOOK: type: CREATETABLE_AS_SELECT
POSTHOOK: Input: default@src
POSTHOOK: Output: default@tstsrc
PREHOOK: query: desc extended tstsrc
PREHOOK: type: DESCTABLE
POSTHOOK: query: desc extended tstsrc
POSTHOOK: type: DESCTABLE
key	string	
value	string	
	 	 
Detailed Table Information	Table(tableName:tstsrc, dbName:default, owner:heyongqiang, createTime:1292756236, lastAccessTime:0, retention:0, sd:StorageDescriptor(cols:[FieldSchema(name:key, type:string, comment:null), FieldSchema(name:value, type:string, comment:null)], location:pfile:/Users/heyongqiang/Documents/workspace/Hive-2/build/ql/test/data/warehouse/tstsrc, inputFormat:org.apache.hadoop.mapred.TextInputFormat, outputFormat:org.apache.hadoop.hive.ql.io.HiveIgnoreKeyTextOutputFormat, compressed:false, numBuckets:-1, serdeInfo:SerDeInfo(name:null, serializationLib:org.apache.hadoop.hive.serde2.lazy.LazySimpleSerDe, parameters:{serialization.format=1}), bucketCols:[], sortCols:[], parameters:{}), partitionKeys:[], parameters:{transient_lastDdlTime=1292756236}, viewOriginalText:null, viewExpandedText:null, tableType:MANAGED_TABLE)	
PREHOOK: query: select count(1) from tstsrc
PREHOOK: type: QUERY
PREHOOK: Input: default@tstsrc
PREHOOK: Output: file:/var/folders/6g/6grtCwPMEf4sqHUPpy6xQG9ByHg/-Tmp-/heyongqiang/hive_2010-12-19_02-57-17_475_7096129245987212455/-mr-10000
POSTHOOK: query: select count(1) from tstsrc
POSTHOOK: type: QUERY
POSTHOOK: Input: default@tstsrc
POSTHOOK: Output: file:/var/folders/6g/6grtCwPMEf4sqHUPpy6xQG9ByHg/-Tmp-/heyongqiang/hive_2010-12-19_02-57-17_475_7096129245987212455/-mr-10000
500
PREHOOK: query: desc extended tstsrc
PREHOOK: type: DESCTABLE
POSTHOOK: query: desc extended tstsrc
POSTHOOK: type: DESCTABLE
key	string	
value	string	
	 	 
Detailed Table Information	Table(tableName:tstsrc, dbName:default, owner:heyongqiang, createTime:1292756236, lastAccessTime:1292756237, retention:0, sd:StorageDescriptor(cols:[FieldSchema(name:key, type:string, comment:null), FieldSchema(name:value, type:string, comment:null)], location:pfile:/Users/heyongqiang/Documents/workspace/Hive-2/build/ql/test/data/warehouse/tstsrc, inputFormat:org.apache.hadoop.mapred.TextInputFormat, outputFormat:org.apache.hadoop.hive.ql.io.HiveIgnoreKeyTextOutputFormat, compressed:false, numBuckets:-1, serdeInfo:SerDeInfo(name:null, serializationLib:org.apache.hadoop.hive.serde2.lazy.LazySimpleSerDe, parameters:{serialization.format=1}), bucketCols:[], sortCols:[], parameters:{}), partitionKeys:[], parameters:{transient_lastDdlTime=1292756237}, viewOriginalText:null, viewExpandedText:null, tableType:MANAGED_TABLE)	
PREHOOK: query: drop table tstsrc
PREHOOK: type: DROPTABLE
PREHOOK: Input: default@tstsrc
PREHOOK: Output: default@tstsrc
POSTHOOK: query: drop table tstsrc
POSTHOOK: type: DROPTABLE
POSTHOOK: Input: default@tstsrc
POSTHOOK: Output: default@tstsrc
PREHOOK: query: drop table tstsrcpart
PREHOOK: type: DROPTABLE
POSTHOOK: query: drop table tstsrcpart
POSTHOOK: type: DROPTABLE
PREHOOK: query: create table tstsrcpart like srcpart
PREHOOK: type: CREATETABLE
POSTHOOK: query: create table tstsrcpart like srcpart
POSTHOOK: type: CREATETABLE
POSTHOOK: Output: default@tstsrcpart
PREHOOK: query: insert overwrite table tstsrcpart partition (ds, hr) select key, value, ds, hr from srcpart
PREHOOK: type: QUERY
PREHOOK: Input: default@srcpart@ds=2008-04-08/hr=11
PREHOOK: Input: default@srcpart@ds=2008-04-08/hr=12
PREHOOK: Input: default@srcpart@ds=2008-04-09/hr=11
PREHOOK: Input: default@srcpart@ds=2008-04-09/hr=12
PREHOOK: Output: default@tstsrcpart
POSTHOOK: query: insert overwrite table tstsrcpart partition (ds, hr) select key, value, ds, hr from srcpart
POSTHOOK: type: QUERY
POSTHOOK: Input: default@srcpart@ds=2008-04-08/hr=11
POSTHOOK: Input: default@srcpart@ds=2008-04-08/hr=12
POSTHOOK: Input: default@srcpart@ds=2008-04-09/hr=11
POSTHOOK: Input: default@srcpart@ds=2008-04-09/hr=12
POSTHOOK: Output: default@tstsrcpart@ds=2008-04-08/hr=11
POSTHOOK: Output: default@tstsrcpart@ds=2008-04-08/hr=12
POSTHOOK: Output: default@tstsrcpart@ds=2008-04-09/hr=11
POSTHOOK: Output: default@tstsrcpart@ds=2008-04-09/hr=12
POSTHOOK: Lineage: tstsrcpart PARTITION(ds=2008-04-08,hr=11).key SIMPLE [(srcpart)srcpart.FieldSchema(name:key, type:string, comment:default), ]
POSTHOOK: Lineage: tstsrcpart PARTITION(ds=2008-04-08,hr=11).value SIMPLE [(srcpart)srcpart.FieldSchema(name:value, type:string, comment:default), ]
POSTHOOK: Lineage: tstsrcpart PARTITION(ds=2008-04-08,hr=12).key SIMPLE [(srcpart)srcpart.FieldSchema(name:key, type:string, comment:default), ]
POSTHOOK: Lineage: tstsrcpart PARTITION(ds=2008-04-08,hr=12).value SIMPLE [(srcpart)srcpart.FieldSchema(name:value, type:string, comment:default), ]
POSTHOOK: Lineage: tstsrcpart PARTITION(ds=2008-04-09,hr=11).key SIMPLE [(srcpart)srcpart.FieldSchema(name:key, type:string, comment:default), ]
POSTHOOK: Lineage: tstsrcpart PARTITION(ds=2008-04-09,hr=11).value SIMPLE [(srcpart)srcpart.FieldSchema(name:value, type:string, comment:default), ]
POSTHOOK: Lineage: tstsrcpart PARTITION(ds=2008-04-09,hr=12).key SIMPLE [(srcpart)srcpart.FieldSchema(name:key, type:string, comment:default), ]
POSTHOOK: Lineage: tstsrcpart PARTITION(ds=2008-04-09,hr=12).value SIMPLE [(srcpart)srcpart.FieldSchema(name:value, type:string, comment:default), ]
PREHOOK: query: desc extended tstsrcpart
PREHOOK: type: DESCTABLE
POSTHOOK: query: desc extended tstsrcpart
POSTHOOK: type: DESCTABLE
POSTHOOK: Lineage: tstsrcpart PARTITION(ds=2008-04-08,hr=11).key SIMPLE [(srcpart)srcpart.FieldSchema(name:key, type:string, comment:default), ]
POSTHOOK: Lineage: tstsrcpart PARTITION(ds=2008-04-08,hr=11).value SIMPLE [(srcpart)srcpart.FieldSchema(name:value, type:string, comment:default), ]
POSTHOOK: Lineage: tstsrcpart PARTITION(ds=2008-04-08,hr=12).key SIMPLE [(srcpart)srcpart.FieldSchema(name:key, type:string, comment:default), ]
POSTHOOK: Lineage: tstsrcpart PARTITION(ds=2008-04-08,hr=12).value SIMPLE [(srcpart)srcpart.FieldSchema(name:value, type:string, comment:default), ]
POSTHOOK: Lineage: tstsrcpart PARTITION(ds=2008-04-09,hr=11).key SIMPLE [(srcpart)srcpart.FieldSchema(name:key, type:string, comment:default), ]
POSTHOOK: Lineage: tstsrcpart PARTITION(ds=2008-04-09,hr=11).value SIMPLE [(srcpart)srcpart.FieldSchema(name:value, type:string, comment:default), ]
POSTHOOK: Lineage: tstsrcpart PARTITION(ds=2008-04-09,hr=12).key SIMPLE [(srcpart)srcpart.FieldSchema(name:key, type:string, comment:default), ]
POSTHOOK: Lineage: tstsrcpart PARTITION(ds=2008-04-09,hr=12).value SIMPLE [(srcpart)srcpart.FieldSchema(name:value, type:string, comment:default), ]
key	string	default
value	string	default
ds	string	
hr	string	
	 	 
Detailed Table Information	Table(tableName:tstsrcpart, dbName:default, owner:null, createTime:1292756243, lastAccessTime:0, retention:0, sd:StorageDescriptor(cols:[FieldSchema(name:key, type:string, comment:default), FieldSchema(name:value, type:string, comment:default), FieldSchema(name:ds, type:string, comment:null), FieldSchema(name:hr, type:string, comment:null)], location:pfile:/Users/heyongqiang/Documents/workspace/Hive-2/build/ql/test/data/warehouse/tstsrcpart, inputFormat:org.apache.hadoop.mapred.TextInputFormat, outputFormat:org.apache.hadoop.hive.ql.io.HiveIgnoreKeyTextOutputFormat, compressed:false, numBuckets:-1, serdeInfo:SerDeInfo(name:null, serializationLib:org.apache.hadoop.hive.serde2.lazy.LazySimpleSerDe, parameters:{serialization.format=1}), bucketCols:[], sortCols:[], parameters:{}), partitionKeys:[FieldSchema(name:ds, type:string, comment:null), FieldSchema(name:hr, type:string, comment:null)], parameters:{numPartitions=4, numFiles=4, transient_lastDdlTime=1292756261, numRows=2000, totalSize=23248}, viewOriginalText:null, viewExpandedText:null, tableType:MANAGED_TABLE)	
PREHOOK: query: desc extended tstsrcpart partition (ds='2008-04-08', hr='11')
PREHOOK: type: DESCTABLE
POSTHOOK: query: desc extended tstsrcpart partition (ds='2008-04-08', hr='11')
POSTHOOK: type: DESCTABLE
POSTHOOK: Lineage: tstsrcpart PARTITION(ds=2008-04-08,hr=11).key SIMPLE [(srcpart)srcpart.FieldSchema(name:key, type:string, comment:default), ]
POSTHOOK: Lineage: tstsrcpart PARTITION(ds=2008-04-08,hr=11).value SIMPLE [(srcpart)srcpart.FieldSchema(name:value, type:string, comment:default), ]
POSTHOOK: Lineage: tstsrcpart PARTITION(ds=2008-04-08,hr=12).key SIMPLE [(srcpart)srcpart.FieldSchema(name:key, type:string, comment:default), ]
POSTHOOK: Lineage: tstsrcpart PARTITION(ds=2008-04-08,hr=12).value SIMPLE [(srcpart)srcpart.FieldSchema(name:value, type:string, comment:default), ]
POSTHOOK: Lineage: tstsrcpart PARTITION(ds=2008-04-09,hr=11).key SIMPLE [(srcpart)srcpart.FieldSchema(name:key, type:string, comment:default), ]
POSTHOOK: Lineage: tstsrcpart PARTITION(ds=2008-04-09,hr=11).value SIMPLE [(srcpart)srcpart.FieldSchema(name:value, type:string, comment:default), ]
POSTHOOK: Lineage: tstsrcpart PARTITION(ds=2008-04-09,hr=12).key SIMPLE [(srcpart)srcpart.FieldSchema(name:key, type:string, comment:default), ]
POSTHOOK: Lineage: tstsrcpart PARTITION(ds=2008-04-09,hr=12).value SIMPLE [(srcpart)srcpart.FieldSchema(name:value, type:string, comment:default), ]
key	string	default
value	string	default
ds	string	
hr	string	
	 	 
Detailed Partition Information	Partition(values:[2008-04-08, 11], dbName:default, tableName:tstsrcpart, createTime:1292756260, lastAccessTime:0, sd:StorageDescriptor(cols:[FieldSchema(name:key, type:string, comment:default), FieldSchema(name:value, type:string, comment:default)], location:pfile:/Users/heyongqiang/Documents/workspace/Hive-2/build/ql/test/data/warehouse/tstsrcpart/ds=2008-04-08/hr=11, inputFormat:org.apache.hadoop.mapred.TextInputFormat, outputFormat:org.apache.hadoop.hive.ql.io.HiveIgnoreKeyTextOutputFormat, compressed:false, numBuckets:-1, serdeInfo:SerDeInfo(name:null, serializationLib:org.apache.hadoop.hive.serde2.lazy.LazySimpleSerDe, parameters:{serialization.format=1}), bucketCols:[], sortCols:[], parameters:{}), parameters:{numFiles=1, transient_lastDdlTime=1292756261, numRows=500, totalSize=5812}, privileges:PrincipalPrivilegeSet(userPrivileges:{hive_test_user=[]}, groupPrivileges:{hive_test_group2=[], hive_test_group1=[]}, rolePrivileges:null))	
PREHOOK: query: desc extended tstsrcpart partition (ds='2008-04-08', hr='12')
PREHOOK: type: DESCTABLE
POSTHOOK: query: desc extended tstsrcpart partition (ds='2008-04-08', hr='12')
POSTHOOK: type: DESCTABLE
POSTHOOK: Lineage: tstsrcpart PARTITION(ds=2008-04-08,hr=11).key SIMPLE [(srcpart)srcpart.FieldSchema(name:key, type:string, comment:default), ]
POSTHOOK: Lineage: tstsrcpart PARTITION(ds=2008-04-08,hr=11).value SIMPLE [(srcpart)srcpart.FieldSchema(name:value, type:string, comment:default), ]
POSTHOOK: Lineage: tstsrcpart PARTITION(ds=2008-04-08,hr=12).key SIMPLE [(srcpart)srcpart.FieldSchema(name:key, type:string, comment:default), ]
POSTHOOK: Lineage: tstsrcpart PARTITION(ds=2008-04-08,hr=12).value SIMPLE [(srcpart)srcpart.FieldSchema(name:value, type:string, comment:default), ]
POSTHOOK: Lineage: tstsrcpart PARTITION(ds=2008-04-09,hr=11).key SIMPLE [(srcpart)srcpart.FieldSchema(name:key, type:string, comment:default), ]
POSTHOOK: Lineage: tstsrcpart PARTITION(ds=2008-04-09,hr=11).value SIMPLE [(srcpart)srcpart.FieldSchema(name:value, type:string, comment:default), ]
POSTHOOK: Lineage: tstsrcpart PARTITION(ds=2008-04-09,hr=12).key SIMPLE [(srcpart)srcpart.FieldSchema(name:key, type:string, comment:default), ]
POSTHOOK: Lineage: tstsrcpart PARTITION(ds=2008-04-09,hr=12).value SIMPLE [(srcpart)srcpart.FieldSchema(name:value, type:string, comment:default), ]
key	string	default
value	string	default
ds	string	
hr	string	
	 	 
Detailed Partition Information	Partition(values:[2008-04-08, 12], dbName:default, tableName:tstsrcpart, createTime:1292756260, lastAccessTime:0, sd:StorageDescriptor(cols:[FieldSchema(name:key, type:string, comment:default), FieldSchema(name:value, type:string, comment:default)], location:pfile:/Users/heyongqiang/Documents/workspace/Hive-2/build/ql/test/data/warehouse/tstsrcpart/ds=2008-04-08/hr=12, inputFormat:org.apache.hadoop.mapred.TextInputFormat, outputFormat:org.apache.hadoop.hive.ql.io.HiveIgnoreKeyTextOutputFormat, compressed:false, numBuckets:-1, serdeInfo:SerDeInfo(name:null, serializationLib:org.apache.hadoop.hive.serde2.lazy.LazySimpleSerDe, parameters:{serialization.format=1}), bucketCols:[], sortCols:[], parameters:{}), parameters:{numFiles=1, transient_lastDdlTime=1292756261, numRows=500, totalSize=5812}, privileges:PrincipalPrivilegeSet(userPrivileges:{hive_test_user=[]}, groupPrivileges:{hive_test_group2=[], hive_test_group1=[]}, rolePrivileges:null))	
PREHOOK: query: select count(1) from tstsrcpart where ds = '2008-04-08' and hr = '11'
PREHOOK: type: QUERY
PREHOOK: Input: default@tstsrcpart@ds=2008-04-08/hr=11
PREHOOK: Output: file:/var/folders/6g/6grtCwPMEf4sqHUPpy6xQG9ByHg/-Tmp-/heyongqiang/hive_2010-12-19_02-57-42_045_6024961651300970708/-mr-10000
POSTHOOK: query: select count(1) from tstsrcpart where ds = '2008-04-08' and hr = '11'
POSTHOOK: type: QUERY
POSTHOOK: Input: default@tstsrcpart@ds=2008-04-08/hr=11
POSTHOOK: Output: file:/var/folders/6g/6grtCwPMEf4sqHUPpy6xQG9ByHg/-Tmp-/heyongqiang/hive_2010-12-19_02-57-42_045_6024961651300970708/-mr-10000
POSTHOOK: Lineage: tstsrcpart PARTITION(ds=2008-04-08,hr=11).key SIMPLE [(srcpart)srcpart.FieldSchema(name:key, type:string, comment:default), ]
POSTHOOK: Lineage: tstsrcpart PARTITION(ds=2008-04-08,hr=11).value SIMPLE [(srcpart)srcpart.FieldSchema(name:value, type:string, comment:default), ]
POSTHOOK: Lineage: tstsrcpart PARTITION(ds=2008-04-08,hr=12).key SIMPLE [(srcpart)srcpart.FieldSchema(name:key, type:string, comment:default), ]
POSTHOOK: Lineage: tstsrcpart PARTITION(ds=2008-04-08,hr=12).value SIMPLE [(srcpart)srcpart.FieldSchema(name:value, type:string, comment:default), ]
POSTHOOK: Lineage: tstsrcpart PARTITION(ds=2008-04-09,hr=11).key SIMPLE [(srcpart)srcpart.FieldSchema(name:key, type:string, comment:default), ]
POSTHOOK: Lineage: tstsrcpart PARTITION(ds=2008-04-09,hr=11).value SIMPLE [(srcpart)srcpart.FieldSchema(name:value, type:string, comment:default), ]
POSTHOOK: Lineage: tstsrcpart PARTITION(ds=2008-04-09,hr=12).key SIMPLE [(srcpart)srcpart.FieldSchema(name:key, type:string, comment:default), ]
POSTHOOK: Lineage: tstsrcpart PARTITION(ds=2008-04-09,hr=12).value SIMPLE [(srcpart)srcpart.FieldSchema(name:value, type:string, comment:default), ]
500
PREHOOK: query: desc extended tstsrcpart
PREHOOK: type: DESCTABLE
POSTHOOK: query: desc extended tstsrcpart
POSTHOOK: type: DESCTABLE
POSTHOOK: Lineage: tstsrcpart PARTITION(ds=2008-04-08,hr=11).key SIMPLE [(srcpart)srcpart.FieldSchema(name:key, type:string, comment:default), ]
POSTHOOK: Lineage: tstsrcpart PARTITION(ds=2008-04-08,hr=11).value SIMPLE [(srcpart)srcpart.FieldSchema(name:value, type:string, comment:default), ]
POSTHOOK: Lineage: tstsrcpart PARTITION(ds=2008-04-08,hr=12).key SIMPLE [(srcpart)srcpart.FieldSchema(name:key, type:string, comment:default), ]
POSTHOOK: Lineage: tstsrcpart PARTITION(ds=2008-04-08,hr=12).value SIMPLE [(srcpart)srcpart.FieldSchema(name:value, type:string, comment:default), ]
POSTHOOK: Lineage: tstsrcpart PARTITION(ds=2008-04-09,hr=11).key SIMPLE [(srcpart)srcpart.FieldSchema(name:key, type:string, comment:default), ]
POSTHOOK: Lineage: tstsrcpart PARTITION(ds=2008-04-09,hr=11).value SIMPLE [(srcpart)srcpart.FieldSchema(name:value, type:string, comment:default), ]
POSTHOOK: Lineage: tstsrcpart PARTITION(ds=2008-04-09,hr=12).key SIMPLE [(srcpart)srcpart.FieldSchema(name:key, type:string, comment:default), ]
POSTHOOK: Lineage: tstsrcpart PARTITION(ds=2008-04-09,hr=12).value SIMPLE [(srcpart)srcpart.FieldSchema(name:value, type:string, comment:default), ]
key	string	default
value	string	default
ds	string	
hr	string	
	 	 
Detailed Table Information	Table(tableName:tstsrcpart, dbName:default, owner:null, createTime:1292756243, lastAccessTime:1292756262, retention:0, sd:StorageDescriptor(cols:[FieldSchema(name:key, type:string, comment:default), FieldSchema(name:value, type:string, comment:default), FieldSchema(name:ds, type:string, comment:null), FieldSchema(name:hr, type:string, comment:null)], location:pfile:/Users/heyongqiang/Documents/workspace/Hive-2/build/ql/test/data/warehouse/tstsrcpart, inputFormat:org.apache.hadoop.mapred.TextInputFormat, outputFormat:org.apache.hadoop.hive.ql.io.HiveIgnoreKeyTextOutputFormat, compressed:false, numBuckets:-1, serdeInfo:SerDeInfo(name:null, serializationLib:org.apache.hadoop.hive.serde2.lazy.LazySimpleSerDe, parameters:{serialization.format=1}), bucketCols:[], sortCols:[], parameters:{}), partitionKeys:[FieldSchema(name:ds, type:string, comment:null), FieldSchema(name:hr, type:string, comment:null)], parameters:{numPartitions=4, numFiles=4, transient_lastDdlTime=1292756262, numRows=2000, totalSize=23248}, viewOriginalText:null, viewExpandedText:null, tableType:MANAGED_TABLE)	
PREHOOK: query: desc extended tstsrcpart partition (ds='2008-04-08', hr='11')
PREHOOK: type: DESCTABLE
POSTHOOK: query: desc extended tstsrcpart partition (ds='2008-04-08', hr='11')
POSTHOOK: type: DESCTABLE
POSTHOOK: Lineage: tstsrcpart PARTITION(ds=2008-04-08,hr=11).key SIMPLE [(srcpart)srcpart.FieldSchema(name:key, type:string, comment:default), ]
POSTHOOK: Lineage: tstsrcpart PARTITION(ds=2008-04-08,hr=11).value SIMPLE [(srcpart)srcpart.FieldSchema(name:value, type:string, comment:default), ]
POSTHOOK: Lineage: tstsrcpart PARTITION(ds=2008-04-08,hr=12).key SIMPLE [(srcpart)srcpart.FieldSchema(name:key, type:string, comment:default), ]
POSTHOOK: Lineage: tstsrcpart PARTITION(ds=2008-04-08,hr=12).value SIMPLE [(srcpart)srcpart.FieldSchema(name:value, type:string, comment:default), ]
POSTHOOK: Lineage: tstsrcpart PARTITION(ds=2008-04-09,hr=11).key SIMPLE [(srcpart)srcpart.FieldSchema(name:key, type:string, comment:default), ]
POSTHOOK: Lineage: tstsrcpart PARTITION(ds=2008-04-09,hr=11).value SIMPLE [(srcpart)srcpart.FieldSchema(name:value, type:string, comment:default), ]
POSTHOOK: Lineage: tstsrcpart PARTITION(ds=2008-04-09,hr=12).key SIMPLE [(srcpart)srcpart.FieldSchema(name:key, type:string, comment:default), ]
POSTHOOK: Lineage: tstsrcpart PARTITION(ds=2008-04-09,hr=12).value SIMPLE [(srcpart)srcpart.FieldSchema(name:value, type:string, comment:default), ]
key	string	default
value	string	default
ds	string	
hr	string	
	 	 
Detailed Partition Information	Partition(values:[2008-04-08, 11], dbName:default, tableName:tstsrcpart, createTime:1292756260, lastAccessTime:1292756262, sd:StorageDescriptor(cols:[FieldSchema(name:key, type:string, comment:default), FieldSchema(name:value, type:string, comment:default)], location:pfile:/Users/heyongqiang/Documents/workspace/Hive-2/build/ql/test/data/warehouse/tstsrcpart/ds=2008-04-08/hr=11, inputFormat:org.apache.hadoop.mapred.TextInputFormat, outputFormat:org.apache.hadoop.hive.ql.io.HiveIgnoreKeyTextOutputFormat, compressed:false, numBuckets:-1, serdeInfo:SerDeInfo(name:null, serializationLib:org.apache.hadoop.hive.serde2.lazy.LazySimpleSerDe, parameters:{serialization.format=1}), bucketCols:[], sortCols:[], parameters:{}), parameters:{numFiles=1, transient_lastDdlTime=1292756262, numRows=500, totalSize=5812}, privileges:PrincipalPrivilegeSet(userPrivileges:{hive_test_user=[]}, groupPrivileges:{hive_test_group2=[], hive_test_group1=[]}, rolePrivileges:null))	
PREHOOK: query: desc extended tstsrcpart partition (ds='2008-04-08', hr='12')
PREHOOK: type: DESCTABLE
POSTHOOK: query: desc extended tstsrcpart partition (ds='2008-04-08', hr='12')
POSTHOOK: type: DESCTABLE
POSTHOOK: Lineage: tstsrcpart PARTITION(ds=2008-04-08,hr=11).key SIMPLE [(srcpart)srcpart.FieldSchema(name:key, type:string, comment:default), ]
POSTHOOK: Lineage: tstsrcpart PARTITION(ds=2008-04-08,hr=11).value SIMPLE [(srcpart)srcpart.FieldSchema(name:value, type:string, comment:default), ]
POSTHOOK: Lineage: tstsrcpart PARTITION(ds=2008-04-08,hr=12).key SIMPLE [(srcpart)srcpart.FieldSchema(name:key, type:string, comment:default), ]
POSTHOOK: Lineage: tstsrcpart PARTITION(ds=2008-04-08,hr=12).value SIMPLE [(srcpart)srcpart.FieldSchema(name:value, type:string, comment:default), ]
POSTHOOK: Lineage: tstsrcpart PARTITION(ds=2008-04-09,hr=11).key SIMPLE [(srcpart)srcpart.FieldSchema(name:key, type:string, comment:default), ]
POSTHOOK: Lineage: tstsrcpart PARTITION(ds=2008-04-09,hr=11).value SIMPLE [(srcpart)srcpart.FieldSchema(name:value, type:string, comment:default), ]
POSTHOOK: Lineage: tstsrcpart PARTITION(ds=2008-04-09,hr=12).key SIMPLE [(srcpart)srcpart.FieldSchema(name:key, type:string, comment:default), ]
POSTHOOK: Lineage: tstsrcpart PARTITION(ds=2008-04-09,hr=12).value SIMPLE [(srcpart)srcpart.FieldSchema(name:value, type:string, comment:default), ]
key	string	default
value	string	default
ds	string	
hr	string	
	 	 
Detailed Partition Information	Partition(values:[2008-04-08, 12], dbName:default, tableName:tstsrcpart, createTime:1292756260, lastAccessTime:0, sd:StorageDescriptor(cols:[FieldSchema(name:key, type:string, comment:default), FieldSchema(name:value, type:string, comment:default)], location:pfile:/Users/heyongqiang/Documents/workspace/Hive-2/build/ql/test/data/warehouse/tstsrcpart/ds=2008-04-08/hr=12, inputFormat:org.apache.hadoop.mapred.TextInputFormat, outputFormat:org.apache.hadoop.hive.ql.io.HiveIgnoreKeyTextOutputFormat, compressed:false, numBuckets:-1, serdeInfo:SerDeInfo(name:null, serializationLib:org.apache.hadoop.hive.serde2.lazy.LazySimpleSerDe, parameters:{serialization.format=1}), bucketCols:[], sortCols:[], parameters:{}), parameters:{numFiles=1, transient_lastDdlTime=1292756261, numRows=500, totalSize=5812}, privileges:PrincipalPrivilegeSet(userPrivileges:{hive_test_user=[]}, groupPrivileges:{hive_test_group2=[], hive_test_group1=[]}, rolePrivileges:null))	
PREHOOK: query: drop table tstsrcpart
PREHOOK: type: DROPTABLE
PREHOOK: Input: default@tstsrcpart
PREHOOK: Output: default@tstsrcpart
POSTHOOK: query: drop table tstsrcpart
POSTHOOK: type: DROPTABLE
POSTHOOK: Input: default@tstsrcpart
POSTHOOK: Output: default@tstsrcpart
POSTHOOK: Lineage: tstsrcpart PARTITION(ds=2008-04-08,hr=11).key SIMPLE [(srcpart)srcpart.FieldSchema(name:key, type:string, comment:default), ]
POSTHOOK: Lineage: tstsrcpart PARTITION(ds=2008-04-08,hr=11).value SIMPLE [(srcpart)srcpart.FieldSchema(name:value, type:string, comment:default), ]
POSTHOOK: Lineage: tstsrcpart PARTITION(ds=2008-04-08,hr=12).key SIMPLE [(srcpart)srcpart.FieldSchema(name:key, type:string, comment:default), ]
POSTHOOK: Lineage: tstsrcpart PARTITION(ds=2008-04-08,hr=12).value SIMPLE [(srcpart)srcpart.FieldSchema(name:value, type:string, comment:default), ]
POSTHOOK: Lineage: tstsrcpart PARTITION(ds=2008-04-09,hr=11).key SIMPLE [(srcpart)srcpart.FieldSchema(name:key, type:string, comment:default), ]
POSTHOOK: Lineage: tstsrcpart PARTITION(ds=2008-04-09,hr=11).value SIMPLE [(srcpart)srcpart.FieldSchema(name:value, type:string, comment:default), ]
POSTHOOK: Lineage: tstsrcpart PARTITION(ds=2008-04-09,hr=12).key SIMPLE [(srcpart)srcpart.FieldSchema(name:key, type:string, comment:default), ]
POSTHOOK: Lineage: tstsrcpart PARTITION(ds=2008-04-09,hr=12).value SIMPLE [(srcpart)srcpart.FieldSchema(name:value, type:string, comment:default), ]
