Semantic Exception: 
Column key Found in more than One Tables/Subqueries