Parse Error: line 3:6 mismatched input '(' expecting FROM in from clause
