query: CREATE TABLE dest1(key INT, value STRING, dt STRING, hr STRING) STORED AS TEXTFILE
FAILED: Error in semantic analysis: Sampling Expression Needed for Non-Bucketed Table srcpart
