FAILED: Error in semantic analysis: line 2:14 Argument Type Mismatch lintstring: The 2nd argument of function ELT is expected to a primitive type, but list is found
