FAILED: Error in semantic analysis: Only a single expression in the SELECT clause is supported with UDTF's
